Archive member included to satisfy reference by file (symbol)

D:\git\pf_controller_board\solution\pf_controller_board\pf_controller_board\ArduinoCore\Debug\libArduinoCore.a(cortex_handlers.o)
                              (Reset_Handler)
D:\git\pf_controller_board\solution\pf_controller_board\pf_controller_board\ArduinoCore\Debug\libArduinoCore.a(delay.o)
                              Sketch.o (delay)
D:\git\pf_controller_board\solution\pf_controller_board\pf_controller_board\ArduinoCore\Debug\libArduinoCore.a(hooks.o)
                              D:\git\pf_controller_board\solution\pf_controller_board\pf_controller_board\ArduinoCore\Debug\libArduinoCore.a(delay.o) (yield)
D:\git\pf_controller_board\solution\pf_controller_board\pf_controller_board\ArduinoCore\Debug\libArduinoCore.a(main.o)
                              d:/program files (x86)/atmel/studio/7.0/toolchain/arm/arm-gnu-toolchain/bin/../lib/gcc/arm-none-eabi/6.3.1/../../../../arm-none-eabi/lib/thumb/v6-m/crt0.o (main)
D:\git\pf_controller_board\solution\pf_controller_board\pf_controller_board\ArduinoCore\Debug\libArduinoCore.a(Print.o)
                              Sketch.o (Print::println(char const*))
D:\git\pf_controller_board\solution\pf_controller_board\pf_controller_board\ArduinoCore\Debug\libArduinoCore.a(Reset.o)
                              D:\git\pf_controller_board\solution\pf_controller_board\pf_controller_board\ArduinoCore\Debug\libArduinoCore.a(delay.o) (tickReset)
D:\git\pf_controller_board\solution\pf_controller_board\pf_controller_board\ArduinoCore\Debug\libArduinoCore.a(startup.o)
                              D:\git\pf_controller_board\solution\pf_controller_board\pf_controller_board\ArduinoCore\Debug\libArduinoCore.a(cortex_handlers.o) (SystemInit)
D:\git\pf_controller_board\solution\pf_controller_board\pf_controller_board\ArduinoCore\Debug\libArduinoCore.a(Uart.o)
                              Sketch.o (Uart::begin(unsigned long))
D:\git\pf_controller_board\solution\pf_controller_board\pf_controller_board\ArduinoCore\Debug\libArduinoCore.a(CDC.o)
                              Sketch.o (Serial_::write(unsigned char))
D:\git\pf_controller_board\solution\pf_controller_board\pf_controller_board\ArduinoCore\Debug\libArduinoCore.a(PluggableUSB.o)
                              D:\git\pf_controller_board\solution\pf_controller_board\pf_controller_board\ArduinoCore\Debug\libArduinoCore.a(CDC.o) (PluggableUSB_::plug(PluggableUSBModule*))
D:\git\pf_controller_board\solution\pf_controller_board\pf_controller_board\ArduinoCore\Debug\libArduinoCore.a(USBCore.o)
                              D:\git\pf_controller_board\solution\pf_controller_board\pf_controller_board\ArduinoCore\Debug\libArduinoCore.a(main.o) (USBDeviceClass::init())
D:\git\pf_controller_board\solution\pf_controller_board\pf_controller_board\ArduinoCore\Debug\libArduinoCore.a(wiring.o)
                              D:\git\pf_controller_board\solution\pf_controller_board\pf_controller_board\ArduinoCore\Debug\libArduinoCore.a(main.o) (init)
D:\git\pf_controller_board\solution\pf_controller_board\pf_controller_board\ArduinoCore\Debug\libArduinoCore.a(wiring_analog.o)
                              D:\git\pf_controller_board\solution\pf_controller_board\pf_controller_board\ArduinoCore\Debug\libArduinoCore.a(wiring.o) (analogReference)
D:\git\pf_controller_board\solution\pf_controller_board\pf_controller_board\ArduinoCore\Debug\libArduinoCore.a(wiring_digital.o)
                              Sketch.o (pinMode)
D:\git\pf_controller_board\solution\pf_controller_board\pf_controller_board\ArduinoCore\Debug\libArduinoCore.a(wiring_private.o)
                              D:\git\pf_controller_board\solution\pf_controller_board\pf_controller_board\ArduinoCore\Debug\libArduinoCore.a(Uart.o) (pinPeripheral)
D:\git\pf_controller_board\solution\pf_controller_board\pf_controller_board\ArduinoCore\Debug\libArduinoCore.a(variant.o)
                              Sketch.o (Serial1)
D:\git\pf_controller_board\solution\pf_controller_board\pf_controller_board\ArduinoCore\Debug\libArduinoCore.a(abi.o)
                              D:\git\pf_controller_board\solution\pf_controller_board\pf_controller_board\ArduinoCore\Debug\libArduinoCore.a(Print.o) (__cxa_pure_virtual)
D:\git\pf_controller_board\solution\pf_controller_board\pf_controller_board\ArduinoCore\Debug\libArduinoCore.a(new.o)
                              D:\git\pf_controller_board\solution\pf_controller_board\pf_controller_board\ArduinoCore\Debug\libArduinoCore.a(USBCore.o) (operator new(unsigned int))
D:\git\pf_controller_board\solution\pf_controller_board\pf_controller_board\ArduinoCore\Debug\libArduinoCore.a(SERCOM.o)
                              D:\git\pf_controller_board\solution\pf_controller_board\pf_controller_board\ArduinoCore\Debug\libArduinoCore.a(variant.o) (SERCOM::SERCOM(Sercom*))
[...]
Memory Configuration

Name             Origin             Length             Attributes
FLASH            0x00000000         0x00040000         xr
RAM              0x20000000         0x00008000         xrw
*default*        0x00000000         0xffffffff

Linker script and memory map

LOAD d:/program files (x86)/atmel/studio/7.0/toolchain/arm/arm-gnu-toolchain/bin/../lib/gcc/arm-none-eabi/6.3.1/thumb/v6-m/crti.o
LOAD d:/program files (x86)/atmel/studio/7.0/toolchain/arm/arm-gnu-toolchain/bin/../lib/gcc/arm-none-eabi/6.3.1/thumb/v6-m/crtbegin.o
LOAD d:/program files (x86)/atmel/studio/7.0/toolchain/arm/arm-gnu-toolchain/bin/../lib/gcc/arm-none-eabi/6.3.1/../../../../arm-none-eabi/lib/thumb/v6-m/crt0.o
LOAD Sketch.o
START GROUP
LOAD D:\git\pf_controller_board\solution\pf_controller_board\pf_controller_board\ArduinoCore\Debug\libArduinoCore.a
END GROUP
LOAD d:/program files (x86)/atmel/studio/7.0/toolchain/arm/arm-gnu-toolchain/bin/../lib/gcc/arm-none-eabi/6.3.1/../../../../arm-none-eabi/lib/thumb/v6-m\libstdc++_nano.a
LOAD d:/program files (x86)/atmel/studio/7.0/toolchain/arm/arm-gnu-toolchain/bin/../lib/gcc/arm-none-eabi/6.3.1/../../../../arm-none-eabi/lib/thumb/v6-m\libm.a
START GROUP
LOAD d:/program files (x86)/atmel/studio/7.0/toolchain/arm/arm-gnu-toolchain/bin/../lib/gcc/arm-none-eabi/6.3.1/thumb/v6-m\libgcc.a
LOAD d:/program files (x86)/atmel/studio/7.0/toolchain/arm/arm-gnu-toolchain/bin/../lib/gcc/arm-none-eabi/6.3.1/../../../../arm-none-eabi/lib/thumb/v6-m\libc_nano.a
END GROUP
START GROUP
LOAD d:/program files (x86)/atmel/studio/7.0/toolchain/arm/arm-gnu-toolchain/bin/../lib/gcc/arm-none-eabi/6.3.1/thumb/v6-m\libgcc.a
LOAD d:/program files (x86)/atmel/studio/7.0/toolchain/arm/arm-gnu-toolchain/bin/../lib/gcc/arm-none-eabi/6.3.1/../../../../arm-none-eabi/lib/thumb/v6-m\libc_nano.a
LOAD d:/program files (x86)/atmel/studio/7.0/toolchain/arm/arm-gnu-toolchain/bin/../lib/gcc/arm-none-eabi/6.3.1/../../../../arm-none-eabi/lib/thumb/v6-m\libnosys.a
END GROUP
START GROUP
LOAD d:/program files (x86)/atmel/studio/7.0/toolchain/arm/arm-gnu-toolchain/bin/../lib/gcc/arm-none-eabi/6.3.1/thumb/v6-m\libgcc.a
LOAD d:/program files (x86)/atmel/studio/7.0/toolchain/arm/arm-gnu-toolchain/bin/../lib/gcc/arm-none-eabi/6.3.1/../../../../arm-none-eabi/lib/thumb/v6-m\libc_nano.a
LOAD d:/program files (x86)/atmel/studio/7.0/toolchain/arm/arm-gnu-toolchain/bin/../lib/gcc/arm-none-eabi/6.3.1/../../../../arm-none-eabi/lib/thumb/v6-m\libnosys.a
END GROUP
LOAD d:/program files (x86)/atmel/studio/7.0/toolchain/arm/arm-gnu-toolchain/bin/../lib/gcc/arm-none-eabi/6.3.1/thumb/v6-m/crtend.o
LOAD d:/program files (x86)/atmel/studio/7.0/toolchain/arm/arm-gnu-toolchain/bin/../lib/gcc/arm-none-eabi/6.3.1/thumb/v6-m/crtn.o

.text           0x00000000     0x2db0
                0x00000000                __text_start__ = .
 *(.isr_vector)
 .isr_vector    0x00000000       0xb4 D:\git\pf_controller_board\solution\pf_controller_board\pf_controller_board\ArduinoCore\Debug\libArduinoCore.a(cortex_handlers.o)
                0x00000000                exception_table
 *(.text*)
 .text          0x000000b4       0x60 d:/program files (x86)/atmel/studio/7.0/toolchain/arm/arm-gnu-toolchain/bin/../lib/gcc/arm-none-eabi/6.3.1/thumb/v6-m/crtbegin.o
 .text.setup    0x00000114       0x2c Sketch.o
                0x00000114                setup
 .text.loop     0x00000140       0x68 Sketch.o
                0x00000140                loop
 .text.Dummy_Handler
                0x000001a8        0x4 D:\git\pf_controller_board\solution\pf_controller_board\pf_controller_board\ArduinoCore\Debug\libArduinoCore.a(cortex_handlers.o)
                0x000001a8                DMAC_Handler
                0x000001a8                HardFault_Handler
                0x000001a8                AC_Handler
                0x000001a8                PendSV_Handler
                0x000001a8                NMI_Handler
                0x000001a8                TC7_Handler
                0x000001a8                SERCOM1_Handler
                0x000001a8                ADC_Handler
                0x000001a8                TCC1_Handler
                0x000001a8                SERCOM2_Handler
                0x000001a8                TCC0_Handler
                0x000001a8                RTC_Handler
                0x000001a8                EIC_Handler
                0x000001a8                TC6_Handler
                0x000001a8                WDT_Handler
                0x000001a8                TC4_Handler
                0x000001a8                TC3_Handler
                0x000001a8                Dummy_Handler
                0x000001a8                PM_Handler
                0x000001a8                SVC_Handler
                0x000001a8                TCC2_Handler
                0x000001a8                EVSYS_Handler
                0x000001a8                SERCOM3_Handler
                0x000001a8                SERCOM4_Handler
                0x000001a8                I2S_Handler
                0x000001a8                NVMCTRL_Handler
                0x000001a8                DAC_Handler
                0x000001a8                PTC_Handler
                0x000001a8                SYSCTRL_Handler
 .text.USB_Handler
                0x000001ac       0x14 D:\git\pf_controller_board\solution\pf_controller_board\pf_controller_board\ArduinoCore\Debug\libArduinoCore.a(cortex_handlers.o)
                0x000001ac                USB_Handler
 .text.Reset_Handler
                0x000001c0       0x54 D:\git\pf_controller_board\solution\pf_controller_board\pf_controller_board\ArduinoCore\Debug\libArduinoCore.a(cortex_handlers.o)
                0x000001c0                Reset_Handler
 .text.SysTick_Handler
                0x00000214       0x10 D:\git\pf_controller_board\solution\pf_controller_board\pf_controller_board\ArduinoCore\Debug\libArduinoCore.a(cortex_handlers.o)
                0x00000214                SysTick_Handler
 .text.USB_SetHandler
                0x00000224        0xc D:\git\pf_controller_board\solution\pf_controller_board\pf_controller_board\ArduinoCore\Debug\libArduinoCore.a(cortex_handlers.o)
                0x00000224                USB_SetHandler
 .text.micros   0x00000230       0x60 D:\git\pf_controller_board\solution\pf_controller_board\pf_controller_board\ArduinoCore\Debug\libArduinoCore.a(delay.o)
                0x00000230                micros
 .text.delay    0x00000290       0x30 D:\git\pf_controller_board\solution\pf_controller_board\pf_controller_board\ArduinoCore\Debug\libArduinoCore.a(delay.o)
                0x00000290                delay
 .text.resetExternalChip
                0x000002c0        0x2 D:\git\pf_controller_board\solution\pf_controller_board\pf_controller_board\ArduinoCore\Debug\libArduinoCore.a(delay.o)
                0x000002c0                resetExternalChip
 *fill*         0x000002c2        0x2 
 .text.SysTick_DefaultHandler
                0x000002c4       0x14 D:\git\pf_controller_board\solution\pf_controller_board\pf_controller_board\ArduinoCore\Debug\libArduinoCore.a(delay.o)
                0x000002c4                SysTick_DefaultHandler
 .text.__empty  0x000002d8        0x2 D:\git\pf_controller_board\solution\pf_controller_board\pf_controller_board\ArduinoCore\Debug\libArduinoCore.a(hooks.o)
                0x000002d8                yield
 .text.__false  0x000002da        0x4 D:\git\pf_controller_board\solution\pf_controller_board\pf_controller_board\ArduinoCore\Debug\libArduinoCore.a(hooks.o)
                0x000002da                sysTickHook
 .text._Z11initVariantv
                0x000002de        0x2 D:\git\pf_controller_board\solution\pf_controller_board\pf_controller_board\ArduinoCore\Debug\libArduinoCore.a(main.o)
                0x000002de                initVariant()
 .text.startup.main
                0x000002e0       0x40 D:\git\pf_controller_board\solution\pf_controller_board\pf_controller_board\ArduinoCore\Debug\libArduinoCore.a(main.o)
                0x000002e0                main
 .text._ZN5Print5writeEPKhj
                0x00000320       0x28 D:\git\pf_controller_board\solution\pf_controller_board\pf_controller_board\ArduinoCore\Debug\libArduinoCore.a(Print.o)
                0x00000320                Print::write(unsigned char const*, unsigned int)
 .text._ZN5Print5writeEPKc
                0x00000348       0x1c D:\git\pf_controller_board\solution\pf_controller_board\pf_controller_board\ArduinoCore\Debug\libArduinoCore.a(Print.o)
                0x00000348                Print::write(char const*)
 .text._ZN5Print7printlnEv
                0x00000364       0x10 D:\git\pf_controller_board\solution\pf_controller_board\pf_controller_board\ArduinoCore\Debug\libArduinoCore.a(Print.o)
                0x00000364                Print::println()
 .text._ZN5Print7printlnEPKc
                0x00000374       0x14 D:\git\pf_controller_board\solution\pf_controller_board\pf_controller_board\ArduinoCore\Debug\libArduinoCore.a(Print.o)
                0x00000374                Print::println(char const*)
 .text.initiateReset
                0x00000388       0x14 D:\git\pf_controller_board\solution\pf_controller_board\pf_controller_board\ArduinoCore\Debug\libArduinoCore.a(Reset.o)
                0x00000388                initiateReset
 .text.cancelReset
                0x0000039c       0x10 D:\git\pf_controller_board\solution\pf_controller_board\pf_controller_board\ArduinoCore\Debug\libArduinoCore.a(Reset.o)
                0x0000039c                cancelReset
 .text.tickReset
                0x000003ac       0x78 D:\git\pf_controller_board\solution\pf_controller_board\pf_controller_board\ArduinoCore\Debug\libArduinoCore.a(Reset.o)
                0x000003ac                tickReset
 .text.SystemInit
                0x00000424      0x160 D:\git\pf_controller_board\solution\pf_controller_board\pf_controller_board\ArduinoCore\Debug\libArduinoCore.a(startup.o)
                0x00000424                SystemInit
 .text._ZN4UartcvbEv
                0x00000584        0x4 D:\git\pf_controller_board\solution\pf_controller_board\pf_controller_board\ArduinoCore\Debug\libArduinoCore.a(Uart.o)
                0x00000584                Uart::operator bool()
 .text._ZN4Uart5beginEm
                0x00000588       0x10 D:\git\pf_controller_board\solution\pf_controller_board\pf_controller_board\ArduinoCore\Debug\libArduinoCore.a(Uart.o)
                0x00000588                Uart::begin(unsigned long)
 .text._ZN4Uart4peekEv
                0x00000598       0x1a D:\git\pf_controller_board\solution\pf_controller_board\pf_controller_board\ArduinoCore\Debug\libArduinoCore.a(Uart.o)
                0x00000598                Uart::peek()
 .text._ZN4Uart3endEv
                0x000005b2       0x20 D:\git\pf_controller_board\solution\pf_controller_board\pf_controller_board\ArduinoCore\Debug\libArduinoCore.a(Uart.o)
                0x000005b2                Uart::end()
 .text._ZN4Uart16extractNbStopBitEt
                0x000005d2        0xc D:\git\pf_controller_board\solution\pf_controller_board\pf_controller_board\ArduinoCore\Debug\libArduinoCore.a(Uart.o)
                0x000005d2                Uart::extractNbStopBit(unsigned short)
 .text._ZN4Uart15extractCharSizeEt
                0x000005de       0x28 D:\git\pf_controller_board\solution\pf_controller_board\pf_controller_board\ArduinoCore\Debug\libArduinoCore.a(Uart.o)
                0x000005de                Uart::extractCharSize(unsigned short)
 .text._ZN4Uart13extractParityEt
                0x00000606       0x14 D:\git\pf_controller_board\solution\pf_controller_board\pf_controller_board\ArduinoCore\Debug\libArduinoCore.a(Uart.o)
                0x00000606                Uart::extractParity(unsigned short)
 *fill*         0x0000061a        0x2 
 .text._ZN4Uart5beginEmt
                0x0000061c       0xf8 D:\git\pf_controller_board\solution\pf_controller_board\pf_controller_board\ArduinoCore\Debug\libArduinoCore.a(Uart.o)
                0x0000061c                Uart::begin(unsigned long, unsigned short)
 .text._ZN11RingBufferNILi256EEC2Ev
                0x00000714       0x1c D:\git\pf_controller_board\solution\pf_controller_board\pf_controller_board\ArduinoCore\Debug\libArduinoCore.a(Uart.o)
                0x00000714                RingBufferN<256>::RingBufferN()
                0x00000714                RingBufferN<256>::RingBufferN()
 .text._ZN4UartC2EP6SERCOMhh11SercomRXPad15SercomUartTXPad
                0x00000730       0x74 D:\git\pf_controller_board\solution\pf_controller_board\pf_controller_board\ArduinoCore\Debug\libArduinoCore.a(Uart.o)
                0x00000730                Uart::Uart(SERCOM*, unsigned char, unsigned char, SercomRXPad, SercomUartTXPad)
                0x00000730                Uart::Uart(SERCOM*, unsigned char, unsigned char, SercomRXPad, SercomUartTXPad)
 .text._ZN11RingBufferNILi256EE9availableEv
                0x000007a4       0x12 D:\git\pf_controller_board\solution\pf_controller_board\pf_controller_board\ArduinoCore\Debug\libArduinoCore.a(Uart.o)
                0x000007a4                RingBufferN<256>::available()
 .text._ZN4Uart5flushEv
                0x000007b6       0x1a D:\git\pf_controller_board\solution\pf_controller_board\pf_controller_board\ArduinoCore\Debug\libArduinoCore.a(Uart.o)
                0x000007b6                Uart::flush()
 .text._ZN4Uart9availableEv
                0x000007d0        0xa D:\git\pf_controller_board\solution\pf_controller_board\pf_controller_board\ArduinoCore\Debug\libArduinoCore.a(Uart.o)
                0x000007d0                Uart::available()
 .text._ZN11RingBufferNILi256EE17availableForStoreEv
                0x000007da       0x20 D:\git\pf_controller_board\solution\pf_controller_board\pf_controller_board\ArduinoCore\Debug\libArduinoCore.a(Uart.o)
                0x000007da                RingBufferN<256>::availableForStore()
 .text._ZN4Uart17availableForWriteEv
                0x000007fa        0xc D:\git\pf_controller_board\solution\pf_controller_board\pf_controller_board\ArduinoCore\Debug\libArduinoCore.a(Uart.o)
                0x000007fa                Uart::availableForWrite()
 .text._ZN4Uart10IrqHandlerEv
                0x00000806       0xcc D:\git\pf_controller_board\solution\pf_controller_board\pf_controller_board\ArduinoCore\Debug\libArduinoCore.a(Uart.o)
                0x00000806                Uart::IrqHandler()
 *fill*         0x000008d2        0x2 
 .text._ZN4Uart5writeEh
                0x000008d4       0xb4 D:\git\pf_controller_board\solution\pf_controller_board\pf_controller_board\ArduinoCore\Debug\libArduinoCore.a(Uart.o)
                0x000008d4                Uart::write(unsigned char)
 .text._ZN4Uart4readEv
                0x00000988       0x4c D:\git\pf_controller_board\solution\pf_controller_board\pf_controller_board\ArduinoCore\Debug\libArduinoCore.a(Uart.o)
                0x00000988                Uart::read()
 .text._ZN7Serial_13getDescriptorER8USBSetup
                0x000009d4        0x4 D:\git\pf_controller_board\solution\pf_controller_board\pf_controller_board\ArduinoCore\Debug\libArduinoCore.a(CDC.o)
                0x000009d4                Serial_::getDescriptor(USBSetup&)
 .text._ZThn16_N7Serial_13getDescriptorER8USBSetup
                0x000009d8       0x10 D:\git\pf_controller_board\solution\pf_controller_board\pf_controller_board\ArduinoCore\Debug\libArduinoCore.a(CDC.o)
                0x000009d8                non-virtual thunk to Serial_::getDescriptor(USBSetup&)
 .text._ZL5utox8mPc
                0x000009e8       0x24 D:\git\pf_controller_board\solution\pf_controller_board\pf_controller_board\ArduinoCore\Debug\libArduinoCore.a(CDC.o)
 .text._ZN7Serial_12getShortNameEPc
                0x00000a0c       0x44 D:\git\pf_controller_board\solution\pf_controller_board\pf_controller_board\ArduinoCore\Debug\libArduinoCore.a(CDC.o)
                0x00000a0c                Serial_::getShortName(char*)
 .text._ZThn16_N7Serial_12getShortNameEPc
                0x00000a50       0x10 D:\git\pf_controller_board\solution\pf_controller_board\pf_controller_board\ArduinoCore\Debug\libArduinoCore.a(CDC.o)
                0x00000a50                non-virtual thunk to Serial_::getShortName(char*)
 .text._ZN7Serial_14handleEndpointEi
                0x00000a60        0x2 D:\git\pf_controller_board\solution\pf_controller_board\pf_controller_board\ArduinoCore\Debug\libArduinoCore.a(CDC.o)
                0x00000a60                Serial_::handleEndpoint(int)
 *fill*         0x00000a62        0x2 
 .text._ZThn16_N7Serial_14handleEndpointEi
                0x00000a64       0x10 D:\git\pf_controller_board\solution\pf_controller_board\pf_controller_board\ArduinoCore\Debug\libArduinoCore.a(CDC.o)
                0x00000a64                non-virtual thunk to Serial_::handleEndpoint(int)
 .text._ZN7Serial_17availableForWriteEv
                0x00000a74        0x4 D:\git\pf_controller_board\solution\pf_controller_board\pf_controller_board\ArduinoCore\Debug\libArduinoCore.a(CDC.o)
                0x00000a74                Serial_::availableForWrite()
 .text._ZN7Serial_5writeEh
                0x00000a78       0x14 D:\git\pf_controller_board\solution\pf_controller_board\pf_controller_board\ArduinoCore\Debug\libArduinoCore.a(CDC.o)
                0x00000a78                Serial_::write(unsigned char)
 .text._ZN7Serial_12getInterfaceEPh
                0x00000a8c      0x128 D:\git\pf_controller_board\solution\pf_controller_board\pf_controller_board\ArduinoCore\Debug\libArduinoCore.a(CDC.o)
                0x00000a8c                Serial_::getInterface(unsigned char*)
 .text._ZThn16_N7Serial_12getInterfaceEPh
                0x00000bb4       0x10 D:\git\pf_controller_board\solution\pf_controller_board\pf_controller_board\ArduinoCore\Debug\libArduinoCore.a(CDC.o)
                0x00000bb4                non-virtual thunk to Serial_::getInterface(unsigned char*)
 .text._ZN7Serial_5setupER8USBSetup
                0x00000bc4       0xa8 D:\git\pf_controller_board\solution\pf_controller_board\pf_controller_board\ArduinoCore\Debug\libArduinoCore.a(CDC.o)
                0x00000bc4                Serial_::setup(USBSetup&)
 .text._ZThn16_N7Serial_5setupER8USBSetup
                0x00000c6c       0x10 D:\git\pf_controller_board\solution\pf_controller_board\pf_controller_board\ArduinoCore\Debug\libArduinoCore.a(CDC.o)
                0x00000c6c                non-virtual thunk to Serial_::setup(USBSetup&)
 .text._ZN7Serial_9availableEv
                0x00000c7c       0x20 D:\git\pf_controller_board\solution\pf_controller_board\pf_controller_board\ArduinoCore\Debug\libArduinoCore.a(CDC.o)
                0x00000c7c                Serial_::available()
 .text._ZN7Serial_5flushEv
                0x00000c9c        0xe D:\git\pf_controller_board\solution\pf_controller_board\pf_controller_board\ArduinoCore\Debug\libArduinoCore.a(CDC.o)
                0x00000c9c                Serial_::flush()
 .text._ZN7Serial_5clearEv
                0x00000caa        0xe D:\git\pf_controller_board\solution\pf_controller_board\pf_controller_board\ArduinoCore\Debug\libArduinoCore.a(CDC.o)
                0x00000caa                Serial_::clear()
 .text._ZN7Serial_5writeEPKhj
                0x00000cb8       0x1e D:\git\pf_controller_board\solution\pf_controller_board\pf_controller_board\ArduinoCore\Debug\libArduinoCore.a(CDC.o)
                0x00000cb8                Serial_::write(unsigned char const*, unsigned int)
 *fill*         0x00000cd6        0x2 
 .text._ZN7Serial_4peekEv
                0x00000cd8       0x1c D:\git\pf_controller_board\solution\pf_controller_board\pf_controller_board\ArduinoCore\Debug\libArduinoCore.a(CDC.o)
                0x00000cd8                Serial_::peek()
 .text._ZN7Serial_4readEv
                0x00000cf4       0x24 D:\git\pf_controller_board\solution\pf_controller_board\pf_controller_board\ArduinoCore\Debug\libArduinoCore.a(CDC.o)
                0x00000cf4                Serial_::read()
 .text._ZN7Serial_C2ER14USBDeviceClass
                0x00000d18       0x50 D:\git\pf_controller_board\solution\pf_controller_board\pf_controller_board\ArduinoCore\Debug\libArduinoCore.a(CDC.o)
                0x00000d18                Serial_::Serial_(USBDeviceClass&)
                0x00000d18                Serial_::Serial_(USBDeviceClass&)
 .text._ZN7Serial_5beginEm
                0x00000d68        0x2 D:\git\pf_controller_board\solution\pf_controller_board\pf_controller_board\ArduinoCore\Debug\libArduinoCore.a(CDC.o)
                0x00000d68                Serial_::begin(unsigned long)
 *fill*         0x00000d6a        0x2 
 .text.startup._GLOBAL__sub_I__ZN7Serial_12getInterfaceEPh
                0x00000d6c       0x14 D:\git\pf_controller_board\solution\pf_controller_board\pf_controller_board\ArduinoCore\Debug\libArduinoCore.a(CDC.o)
 .text._ZN13PluggableUSB_12getInterfaceEPh
                0x00000d80       0x28 D:\git\pf_controller_board\solution\pf_controller_board\pf_controller_board\ArduinoCore\Debug\libArduinoCore.a(PluggableUSB.o)
                0x00000d80                PluggableUSB_::getInterface(unsigned char*)
 .text._ZN13PluggableUSB_13getDescriptorER8USBSetup
                0x00000da8       0x20 D:\git\pf_controller_board\solution\pf_controller_board\pf_controller_board\ArduinoCore\Debug\libArduinoCore.a(PluggableUSB.o)
                0x00000da8                PluggableUSB_::getDescriptor(USBSetup&)
 .text._ZN13PluggableUSB_12getShortNameEPc
                0x00000dc8       0x26 D:\git\pf_controller_board\solution\pf_controller_board\pf_controller_board\ArduinoCore\Debug\libArduinoCore.a(PluggableUSB.o)
                0x00000dc8                PluggableUSB_::getShortName(char*)
 .text._ZN13PluggableUSB_5setupER8USBSetup
                0x00000dee       0x20 D:\git\pf_controller_board\solution\pf_controller_board\pf_controller_board\ArduinoCore\Debug\libArduinoCore.a(PluggableUSB.o)
                0x00000dee                PluggableUSB_::setup(USBSetup&)
 .text._ZN13PluggableUSB_14handleEndpointEi
                0x00000e0e       0x1a D:\git\pf_controller_board\solution\pf_controller_board\pf_controller_board\ArduinoCore\Debug\libArduinoCore.a(PluggableUSB.o)
                0x00000e0e                PluggableUSB_::handleEndpoint(int)
 .text._ZN13PluggableUSB_4plugEP18PluggableUSBModule
                0x00000e28       0x58 D:\git\pf_controller_board\solution\pf_controller_board\pf_controller_board\ArduinoCore\Debug\libArduinoCore.a(PluggableUSB.o)
                0x00000e28                PluggableUSB_::plug(PluggableUSBModule*)
 .text._Z12PluggableUSBv
                0x00000e80       0x20 D:\git\pf_controller_board\solution\pf_controller_board\pf_controller_board\ArduinoCore\Debug\libArduinoCore.a(PluggableUSB.o)
                0x00000e80                PluggableUSB()
 .text._ZN26DoubleBufferedEPOutHandlerD2Ev
                0x00000ea0        0x2 D:\git\pf_controller_board\solution\pf_controller_board\pf_controller_board\ArduinoCore\Debug\libArduinoCore.a(USBCore.o)
                0x00000ea0                DoubleBufferedEPOutHandler::~DoubleBufferedEPOutHandler()
                0x00000ea0                DoubleBufferedEPOutHandler::~DoubleBufferedEPOutHandler()
 .text._ZN26DoubleBufferedEPOutHandlerD0Ev
                0x00000ea2        0xc D:\git\pf_controller_board\solution\pf_controller_board\pf_controller_board\ArduinoCore\Debug\libArduinoCore.a(USBCore.o)
                0x00000ea2                DoubleBufferedEPOutHandler::~DoubleBufferedEPOutHandler()
 *fill*         0x00000eae        0x2 
 .text._ZN14USBDeviceClass6initEPEmm.part.7
                0x00000eb0       0xd0 D:\git\pf_controller_board\solution\pf_controller_board\pf_controller_board\ArduinoCore\Debug\libArduinoCore.a(USBCore.o)
 .text._ZN7__GuardC2Ev
                0x00000f80        0xe D:\git\pf_controller_board\solution\pf_controller_board\pf_controller_board\ArduinoCore\Debug\libArduinoCore.a(USBCore.o)
                0x00000f80                __Guard::__Guard()
                0x00000f80                __Guard::__Guard()
 .text._ZN7__GuardD2Ev
                0x00000f8e        0xe D:\git\pf_controller_board\solution\pf_controller_board\pf_controller_board\ArduinoCore\Debug\libArduinoCore.a(USBCore.o)
                0x00000f8e                __Guard::~__Guard()
                0x00000f8e                __Guard::~__Guard()
 .text._ZNK26DoubleBufferedEPOutHandler10_availableEv
                0x00000f9c       0x70 D:\git\pf_controller_board\solution\pf_controller_board\pf_controller_board\ArduinoCore\Debug\libArduinoCore.a(USBCore.o)
                0x00000f9c                DoubleBufferedEPOutHandler::_available() const
 .text._ZN26DoubleBufferedEPOutHandler7releaseEv
                0x0000100c       0x3c D:\git\pf_controller_board\solution\pf_controller_board\pf_controller_board\ArduinoCore\Debug\libArduinoCore.a(USBCore.o)
                0x0000100c                DoubleBufferedEPOutHandler::release()
 .text._ZN26DoubleBufferedEPOutHandler14handleEndpointEv
                0x00001048       0xe8 D:\git\pf_controller_board\solution\pf_controller_board\pf_controller_board\ArduinoCore\Debug\libArduinoCore.a(USBCore.o)
                0x00001048                DoubleBufferedEPOutHandler::handleEndpoint()
 .text._ZN26DoubleBufferedEPOutHandler5_recvEv
                0x00001130      0x194 D:\git\pf_controller_board\solution\pf_controller_board\pf_controller_board\ArduinoCore\Debug\libArduinoCore.a(USBCore.o)
                0x00001130                DoubleBufferedEPOutHandler::_recv()
 .text._ZN26DoubleBufferedEPOutHandler4peekEv
                0x000012c4       0x22 D:\git\pf_controller_board\solution\pf_controller_board\pf_controller_board\ArduinoCore\Debug\libArduinoCore.a(USBCore.o)
                0x000012c4                DoubleBufferedEPOutHandler::peek()
 .text._ZN26DoubleBufferedEPOutHandler9availableEv
                0x000012e6       0x18 D:\git\pf_controller_board\solution\pf_controller_board\pf_controller_board\ArduinoCore\Debug\libArduinoCore.a(USBCore.o)
                0x000012e6                DoubleBufferedEPOutHandler::available()
 .text._ZN26DoubleBufferedEPOutHandler4recvEPvm
                0x000012fe       0x6c D:\git\pf_controller_board\solution\pf_controller_board\pf_controller_board\ArduinoCore\Debug\libArduinoCore.a(USBCore.o)
                0x000012fe                DoubleBufferedEPOutHandler::recv(void*, unsigned long)
 .text._ZN14USBDeviceClass14SendInterfacesEPm
                0x0000136a       0x20 D:\git\pf_controller_board\solution\pf_controller_board\pf_controller_board\ArduinoCore\Debug\libArduinoCore.a(USBCore.o)
                0x0000136a                USBDeviceClass::SendInterfaces(unsigned long*)
 *fill*         0x0000138a        0x2 
 .text._ZN14USBDeviceClass4initEv
                0x0000138c      0x168 D:\git\pf_controller_board\solution\pf_controller_board\pf_controller_board\ArduinoCore\Debug\libArduinoCore.a(USBCore.o)
                0x0000138c                USBDeviceClass::init()
 .text._ZN14USBDeviceClass6attachEv
                0x000014f4       0x34 D:\git\pf_controller_board\solution\pf_controller_board\pf_controller_board\ArduinoCore\Debug\libArduinoCore.a(USBCore.o)
                0x000014f4                USBDeviceClass::attach()
 .text._ZN14USBDeviceClass10setAddressEm
                0x00001528       0x48 D:\git\pf_controller_board\solution\pf_controller_board\pf_controller_board\ArduinoCore\Debug\libArduinoCore.a(USBCore.o)
                0x00001528                USBDeviceClass::setAddress(unsigned long)
 .text._ZN14USBDeviceClass25handleClassInterfaceSetupER8USBSetup
                0x00001570       0x24 D:\git\pf_controller_board\solution\pf_controller_board\pf_controller_board\ArduinoCore\Debug\libArduinoCore.a(USBCore.o)
                0x00001570                USBDeviceClass::handleClassInterfaceSetup(USBSetup&)
 .text._ZN14USBDeviceClass6initEPEmm
                0x00001594      0x110 D:\git\pf_controller_board\solution\pf_controller_board\pf_controller_board\ArduinoCore\Debug\libArduinoCore.a(USBCore.o)
                0x00001594                USBDeviceClass::initEP(unsigned long, unsigned long)
 .text._ZN14USBDeviceClass13initEndpointsEv
                0x000016a4       0x24 D:\git\pf_controller_board\solution\pf_controller_board\pf_controller_board\ArduinoCore\Debug\libArduinoCore.a(USBCore.o)
                0x000016a4                USBDeviceClass::initEndpoints()
 .text._ZN14USBDeviceClass5clearEm
                0x000016c8       0x38 D:\git\pf_controller_board\solution\pf_controller_board\pf_controller_board\ArduinoCore\Debug\libArduinoCore.a(USBCore.o)
                0x000016c8                USBDeviceClass::clear(unsigned long)
 .text._ZN14USBDeviceClass9availableEm
                0x00001700       0x2c D:\git\pf_controller_board\solution\pf_controller_board\pf_controller_board\ArduinoCore\Debug\libArduinoCore.a(USBCore.o)
                0x00001700                USBDeviceClass::available(unsigned long)
 .text._ZN14USBDeviceClass5flushEm
                0x0000172c       0x2c D:\git\pf_controller_board\solution\pf_controller_board\pf_controller_board\ArduinoCore\Debug\libArduinoCore.a(USBCore.o)
                0x0000172c                USBDeviceClass::flush(unsigned long)
 .text._ZN14USBDeviceClass4recvEmPvm
                0x00001758       0xdc D:\git\pf_controller_board\solution\pf_controller_board\pf_controller_board\ArduinoCore\Debug\libArduinoCore.a(USBCore.o)
                0x00001758                USBDeviceClass::recv(unsigned long, void*, unsigned long)
 .text._ZN14USBDeviceClass4recvEm
                0x00001834       0x1c D:\git\pf_controller_board\solution\pf_controller_board\pf_controller_board\ArduinoCore\Debug\libArduinoCore.a(USBCore.o)
                0x00001834                USBDeviceClass::recv(unsigned long)
 .text._ZN14USBDeviceClass14armRecvCtrlOUTEm
                0x00001850       0x5c D:\git\pf_controller_board\solution\pf_controller_board\pf_controller_board\ArduinoCore\Debug\libArduinoCore.a(USBCore.o)
                0x00001850                USBDeviceClass::armRecvCtrlOUT(unsigned long)
 .text._ZN14USBDeviceClass11recvControlEPvm
                0x000018ac       0x28 D:\git\pf_controller_board\solution\pf_controller_board\pf_controller_board\ArduinoCore\Debug\libArduinoCore.a(USBCore.o)
                0x000018ac                USBDeviceClass::recvControl(void*, unsigned long)
 .text._ZN14USBDeviceClass4sendEmPKvm
                0x000018d4      0x124 D:\git\pf_controller_board\solution\pf_controller_board\pf_controller_board\ArduinoCore\Debug\libArduinoCore.a(USBCore.o)
                0x000018d4                USBDeviceClass::send(unsigned long, void const*, unsigned long)
 .text._ZN14USBDeviceClass7armSendEmPKvm
                0x000019f8       0x48 D:\git\pf_controller_board\solution\pf_controller_board\pf_controller_board\ArduinoCore\Debug\libArduinoCore.a(USBCore.o)
                0x000019f8                USBDeviceClass::armSend(unsigned long, void const*, unsigned long)
 .text._ZN14USBDeviceClass11sendControlEPKvm
                0x00001a40       0x54 D:\git\pf_controller_board\solution\pf_controller_board\pf_controller_board\ArduinoCore\Debug\libArduinoCore.a(USBCore.o)
                0x00001a40                USBDeviceClass::sendControl(void const*, unsigned long)
 .text._ZN14USBDeviceClass20sendStringDescriptorEPKhm
                0x00001a94       0x64 D:\git\pf_controller_board\solution\pf_controller_board\pf_controller_board\ArduinoCore\Debug\libArduinoCore.a(USBCore.o)
                0x00001a94                USBDeviceClass::sendStringDescriptor(unsigned char const*, unsigned long)
 .text._ZN14USBDeviceClass17sendConfigurationEm
                0x00001af8       0x94 D:\git\pf_controller_board\solution\pf_controller_board\pf_controller_board\ArduinoCore\Debug\libArduinoCore.a(USBCore.o)
                0x00001af8                USBDeviceClass::sendConfiguration(unsigned long)
 .text._ZN14USBDeviceClass14sendDescriptorER8USBSetup
                0x00001b8c       0xe0 D:\git\pf_controller_board\solution\pf_controller_board\pf_controller_board\ArduinoCore\Debug\libArduinoCore.a(USBCore.o)
                0x00001b8c                USBDeviceClass::sendDescriptor(USBSetup&)
 .text._ZN14USBDeviceClass7sendZlpEm
                0x00001c6c       0x18 D:\git\pf_controller_board\solution\pf_controller_board\pf_controller_board\ArduinoCore\Debug\libArduinoCore.a(USBCore.o)
                0x00001c6c                USBDeviceClass::sendZlp(unsigned long)
 .text._ZN14USBDeviceClass19handleStandardSetupER8USBSetup
                0x00001c84       0xe8 D:\git\pf_controller_board\solution\pf_controller_board\pf_controller_board\ArduinoCore\Debug\libArduinoCore.a(USBCore.o)
                0x00001c84                USBDeviceClass::handleStandardSetup(USBSetup&)
 .text._ZN14USBDeviceClass10ISRHandlerEv
                0x00001d6c      0x144 D:\git\pf_controller_board\solution\pf_controller_board\pf_controller_board\ArduinoCore\Debug\libArduinoCore.a(USBCore.o)
                0x00001d6c                USBDeviceClass::ISRHandler()
 .text.UDD_Handler
                0x00001eb0       0x10 D:\git\pf_controller_board\solution\pf_controller_board\pf_controller_board\ArduinoCore\Debug\libArduinoCore.a(USBCore.o)
                0x00001eb0                UDD_Handler
 .text.startup._GLOBAL__sub_I_usbd
                0x00001ec0       0x10 D:\git\pf_controller_board\solution\pf_controller_board\pf_controller_board\ArduinoCore\Debug\libArduinoCore.a(USBCore.o)
 .text.init     0x00001ed0       0xf0 D:\git\pf_controller_board\solution\pf_controller_board\pf_controller_board\ArduinoCore\Debug\libArduinoCore.a(wiring.o)
                0x00001ed0                init
 .text.analogReference
                0x00001fc0       0x64 D:\git\pf_controller_board\solution\pf_controller_board\pf_controller_board\ArduinoCore\Debug\libArduinoCore.a(wiring_analog.o)
                0x00001fc0                analogReference
 .text.pinMode  0x00002024       0x98 D:\git\pf_controller_board\solution\pf_controller_board\pf_controller_board\ArduinoCore\Debug\libArduinoCore.a(wiring_digital.o)
                0x00002024                pinMode
 .text.digitalWrite
                0x000020bc       0x58 D:\git\pf_controller_board\solution\pf_controller_board\pf_controller_board\ArduinoCore\Debug\libArduinoCore.a(wiring_digital.o)
                0x000020bc                digitalWrite
 .text.pinPeripheral
                0x00002114       0xbc D:\git\pf_controller_board\solution\pf_controller_board\pf_controller_board\ArduinoCore\Debug\libArduinoCore.a(wiring_private.o)
                0x00002114                pinPeripheral
 .text.SERCOM0_Handler
                0x000021d0       0x10 D:\git\pf_controller_board\solution\pf_controller_board\pf_controller_board\ArduinoCore\Debug\libArduinoCore.a(variant.o)
                0x000021d0                SERCOM0_Handler
 .text.SERCOM5_Handler
                0x000021e0       0x10 D:\git\pf_controller_board\solution\pf_controller_board\pf_controller_board\ArduinoCore\Debug\libArduinoCore.a(variant.o)
                0x000021e0                SERCOM5_Handler
 .text.startup._GLOBAL__sub_I_g_APinDescription
                0x000021f0       0x94 D:\git\pf_controller_board\solution\pf_controller_board\pf_controller_board\ArduinoCore\Debug\libArduinoCore.a(variant.o)
 .text._Znwj    0x00002284        0x8 D:\git\pf_controller_board\solution\pf_controller_board\pf_controller_board\ArduinoCore\Debug\libArduinoCore.a(new.o)
                0x00002284                operator new(unsigned int)
 .text._ZdlPv   0x0000228c        0x8 D:\git\pf_controller_board\solution\pf_controller_board\pf_controller_board\ArduinoCore\Debug\libArduinoCore.a(new.o)
                0x0000228c                operator delete(void*)
 .text._ZN6SERCOMC2EP6Sercom
                0x00002294        0x4 D:\git\pf_controller_board\solution\pf_controller_board\pf_controller_board\ArduinoCore\Debug\libArduinoCore.a(SERCOM.o)
                0x00002294                SERCOM::SERCOM(Sercom*)
                0x00002294                SERCOM::SERCOM(Sercom*)
 .text._ZN6SERCOM9initFrameE18SercomUartCharSize15SercomDataOrder16SercomParityMode19SercomNumberStopBit
                0x00002298       0x34 D:\git\pf_controller_board\solution\pf_controller_board\pf_controller_board\ArduinoCore\Debug\libArduinoCore.a(SERCOM.o)
                0x00002298                SERCOM::initFrame(SercomUartCharSize, SercomDataOrder, SercomParityMode, SercomNumberStopBit)
 .text._ZN6SERCOM8initPadsE15SercomUartTXPad11SercomRXPad
                0x000022cc       0x24 D:\git\pf_controller_board\solution\pf_controller_board\pf_controller_board\ArduinoCore\Debug\libArduinoCore.a(SERCOM.o)
                0x000022cc                SERCOM::initPads(SercomUartTXPad, SercomRXPad)
 .text._ZN6SERCOM9resetUARTEv
                0x000022f0       0x18 D:\git\pf_controller_board\solution\pf_controller_board\pf_controller_board\ArduinoCore\Debug\libArduinoCore.a(SERCOM.o)
                0x000022f0                SERCOM::resetUART()
 .text._ZN6SERCOM10enableUARTEv
                0x00002308       0x12 D:\git\pf_controller_board\solution\pf_controller_board\pf_controller_board\ArduinoCore\Debug\libArduinoCore.a(SERCOM.o)
                0x00002308                SERCOM::enableUART()
 .text._ZN6SERCOM9flushUARTEv
                0x0000231a       0x10 D:\git\pf_controller_board\solution\pf_controller_board\pf_controller_board\ArduinoCore\Debug\libArduinoCore.a(SERCOM.o)
                0x0000231a                SERCOM::flushUART()
 .text._ZN6SERCOM15clearStatusUARTEv
                0x0000232a        0x8 D:\git\pf_controller_board\solution\pf_controller_board\pf_controller_board\ArduinoCore\Debug\libArduinoCore.a(SERCOM.o)
                0x0000232a                SERCOM::clearStatusUART()
 .text._ZN6SERCOM17availableDataUARTEv
                0x00002332        0xa D:\git\pf_controller_board\solution\pf_controller_board\pf_controller_board\ArduinoCore\Debug\libArduinoCore.a(SERCOM.o)
                0x00002332                SERCOM::availableDataUART()
 .text._ZN6SERCOM11isUARTErrorEv
                0x0000233c        0x8 D:\git\pf_controller_board\solution\pf_controller_board\pf_controller_board\ArduinoCore\Debug\libArduinoCore.a(SERCOM.o)
                0x0000233c                SERCOM::isUARTError()
 .text._ZN6SERCOM20acknowledgeUARTErrorEv
                0x00002344        0xe D:\git\pf_controller_board\solution\pf_controller_board\pf_controller_board\ArduinoCore\Debug\libArduinoCore.a(SERCOM.o)
                0x00002344                SERCOM::acknowledgeUARTError()
 .text._ZN6SERCOM16isFrameErrorUARTEv
                0x00002352        0xa D:\git\pf_controller_board\solution\pf_controller_board\pf_controller_board\ArduinoCore\Debug\libArduinoCore.a(SERCOM.o)
                0x00002352                SERCOM::isFrameErrorUART()
 .text._ZN6SERCOM19clearFrameErrorUARTEv
                0x0000235c        0xc D:\git\pf_controller_board\solution\pf_controller_board\pf_controller_board\ArduinoCore\Debug\libArduinoCore.a(SERCOM.o)
                0x0000235c                SERCOM::clearFrameErrorUART()
 .text._ZN6SERCOM23isDataRegisterEmptyUARTEv
                0x00002368        0xa D:\git\pf_controller_board\solution\pf_controller_board\pf_controller_board\ArduinoCore\Debug\libArduinoCore.a(SERCOM.o)
                0x00002368                SERCOM::isDataRegisterEmptyUART()
 .text._ZN6SERCOM12readDataUARTEv
                0x00002372        0x8 D:\git\pf_controller_board\solution\pf_controller_board\pf_controller_board\ArduinoCore\Debug\libArduinoCore.a(SERCOM.o)
                0x00002372                SERCOM::readDataUART()
 .text._ZN6SERCOM13writeDataUARTEh
                0x0000237a       0x10 D:\git\pf_controller_board\solution\pf_controller_board\pf_controller_board\ArduinoCore\Debug\libArduinoCore.a(SERCOM.o)
                0x0000237a                SERCOM::writeDataUART(unsigned char)
 .text._ZN6SERCOM36enableDataRegisterEmptyInterruptUARTEv
                0x0000238a        0x8 D:\git\pf_controller_board\solution\pf_controller_board\pf_controller_board\ArduinoCore\Debug\libArduinoCore.a(SERCOM.o)
                0x0000238a                SERCOM::enableDataRegisterEmptyInterruptUART()
 .text._ZN6SERCOM37disableDataRegisterEmptyInterruptUARTEv
                0x00002392        0x8 D:\git\pf_controller_board\solution\pf_controller_board\pf_controller_board\ArduinoCore\Debug\libArduinoCore.a(SERCOM.o)
                0x00002392                SERCOM::disableDataRegisterEmptyInterruptUART()
 *fill*         0x0000239a        0x2 
 .text._ZN6SERCOM13initClockNVICEv
                0x0000239c       0xa8 D:\git\pf_controller_board\solution\pf_controller_board\pf_controller_board\ArduinoCore\Debug\libArduinoCore.a(SERCOM.o)
                0x0000239c                SERCOM::initClockNVIC()
 .text._ZN6SERCOM8initUARTE14SercomUartMode20SercomUartSampleRatem
                0x00002444       0x64 D:\git\pf_controller_board\solution\pf_controller_board\pf_controller_board\ArduinoCore\Debug\libArduinoCore.a(SERCOM.o)
                0x00002444                SERCOM::initUART(SercomUartMode, SercomUartSampleRate, unsigned long)
 .text          0x000024a8       0x14 d:/program files (x86)/atmel/studio/7.0/toolchain/arm/arm-gnu-toolchain/bin/../lib/gcc/arm-none-eabi/6.3.1/thumb/v6-m\libgcc.a(_thumb1_case_uqi.o)
                0x000024a8                __gnu_thumb1_case_uqi
 .text          0x000024bc      0x114 d:/program files (x86)/atmel/studio/7.0/toolchain/arm/arm-gnu-toolchain/bin/../lib/gcc/arm-none-eabi/6.3.1/thumb/v6-m\libgcc.a(_udivsi3.o)
                0x000024bc                __aeabi_uidiv
                0x000024bc                __udivsi3
                0x000025c8                __aeabi_uidivmod
 .text          0x000025d0        0x4 d:/program files (x86)/atmel/studio/7.0/toolchain/arm/arm-gnu-toolchain/bin/../lib/gcc/arm-none-eabi/6.3.1/thumb/v6-m\libgcc.a(_dvmd_tls.o)
                0x000025d0                __aeabi_idiv0
                0x000025d0                __aeabi_ldiv0
 .text.__libc_init_array
                0x000025d4       0x48 d:/program files (x86)/atmel/studio/7.0/toolchain/arm/arm-gnu-toolchain/bin/../lib/gcc/arm-none-eabi/6.3.1/../../../../arm-none-eabi/lib/thumb/v6-m\libc_nano.a(lib_a-init.o)
                0x000025d4                __libc_init_array
 .text.malloc   0x0000261c       0x14 d:/program files (x86)/atmel/studio/7.0/toolchain/arm/arm-gnu-toolchain/bin/../lib/gcc/arm-none-eabi/6.3.1/../../../../arm-none-eabi/lib/thumb/v6-m\libc_nano.a(lib_a-malloc.o)
                0x0000261c                malloc
 .text.free     0x00002630       0x14 d:/program files (x86)/atmel/studio/7.0/toolchain/arm/arm-gnu-toolchain/bin/../lib/gcc/arm-none-eabi/6.3.1/../../../../arm-none-eabi/lib/thumb/v6-m\libc_nano.a(lib_a-malloc.o)
                0x00002630                free
 .text.memcpy   0x00002644       0x12 d:/program files (x86)/atmel/studio/7.0/toolchain/arm/arm-gnu-toolchain/bin/../lib/gcc/arm-none-eabi/6.3.1/../../../../arm-none-eabi/lib/thumb/v6-m\libc_nano.a(lib_a-memcpy-stub.o)
                0x00002644                memcpy
 .text.memset   0x00002656       0x10 d:/program files (x86)/atmel/studio/7.0/toolchain/arm/arm-gnu-toolchain/bin/../lib/gcc/arm-none-eabi/6.3.1/../../../../arm-none-eabi/lib/thumb/v6-m\libc_nano.a(lib_a-memset.o)
                0x00002656                memset
 *fill*         0x00002666        0x2 
 .text._free_r  0x00002668       0x94 d:/program files (x86)/atmel/studio/7.0/toolchain/arm/arm-gnu-toolchain/bin/../lib/gcc/arm-none-eabi/6.3.1/../../../../arm-none-eabi/lib/thumb/v6-m\libc_nano.a(lib_a-nano-freer.o)
                0x00002668                _free_r
 .text._malloc_r
                0x000026fc       0xbc d:/program files (x86)/atmel/studio/7.0/toolchain/arm/arm-gnu-toolchain/bin/../lib/gcc/arm-none-eabi/6.3.1/../../../../arm-none-eabi/lib/thumb/v6-m\libc_nano.a(lib_a-nano-mallocr.o)
                0x000026fc                _malloc_r
 .text._sbrk_r  0x000027b8       0x24 d:/program files (x86)/atmel/studio/7.0/toolchain/arm/arm-gnu-toolchain/bin/../lib/gcc/arm-none-eabi/6.3.1/../../../../arm-none-eabi/lib/thumb/v6-m\libc_nano.a(lib_a-sbrkr.o)
                0x000027b8                _sbrk_r
 .text          0x000027dc        0xe d:/program files (x86)/atmel/studio/7.0/toolchain/arm/arm-gnu-toolchain/bin/../lib/gcc/arm-none-eabi/6.3.1/../../../../arm-none-eabi/lib/thumb/v6-m\libc_nano.a(lib_a-strlen.o)
                0x000027dc                strlen
 .text.__malloc_lock
                0x000027ea        0x2 d:/program files (x86)/atmel/studio/7.0/toolchain/arm/arm-gnu-toolchain/bin/../lib/gcc/arm-none-eabi/6.3.1/../../../../arm-none-eabi/lib/thumb/v6-m\libc_nano.a(lib_a-mlock.o)
                0x000027ea                __malloc_lock
 .text.__malloc_unlock
                0x000027ec        0x2 d:/program files (x86)/atmel/studio/7.0/toolchain/arm/arm-gnu-toolchain/bin/../lib/gcc/arm-none-eabi/6.3.1/../../../../arm-none-eabi/lib/thumb/v6-m\libc_nano.a(lib_a-mlock.o)
                0x000027ec                __malloc_unlock
 *fill*         0x000027ee        0x2 
 .text._sbrk    0x000027f0       0x1c d:/program files (x86)/atmel/studio/7.0/toolchain/arm/arm-gnu-toolchain/bin/../lib/gcc/arm-none-eabi/6.3.1/../../../../arm-none-eabi/lib/thumb/v6-m\libnosys.a(sbrk.o)
                0x000027f0                _sbrk
 *(.init)
 .init          0x0000280c        0x4 d:/program files (x86)/atmel/studio/7.0/toolchain/arm/arm-gnu-toolchain/bin/../lib/gcc/arm-none-eabi/6.3.1/thumb/v6-m/crti.o
                0x0000280c                _init
 .init          0x00002810        0x8 d:/program files (x86)/atmel/studio/7.0/toolchain/arm/arm-gnu-toolchain/bin/../lib/gcc/arm-none-eabi/6.3.1/thumb/v6-m/crtn.o
 *(.fini)
 .fini          0x00002818        0x4 d:/program files (x86)/atmel/studio/7.0/toolchain/arm/arm-gnu-toolchain/bin/../lib/gcc/arm-none-eabi/6.3.1/thumb/v6-m/crti.o
                0x00002818                _fini
 .fini          0x0000281c        0x8 d:/program files (x86)/atmel/studio/7.0/toolchain/arm/arm-gnu-toolchain/bin/../lib/gcc/arm-none-eabi/6.3.1/thumb/v6-m/crtn.o
 *crtbegin.o(.ctors)
 *crtbegin?.o(.ctors)
 *(EXCLUDE_FILE(*crtend.o *crtend?.o) .ctors)
 *(SORT(.ctors.*))
 *(.ctors)
 *crtbegin.o(.dtors)
 *crtbegin?.o(.dtors)
 *(EXCLUDE_FILE(*crtend.o *crtend?.o) .dtors)
 *(SORT(.dtors.*))
 *(.dtors)
 *(.rodata*)
 .rodata.loop.str1.1
                0x00002824       0x20 Sketch.o
 .rodata._ZN5Print7printlnEv.str1.1
                0x00002844        0x3 D:\git\pf_controller_board\solution\pf_controller_board\pf_controller_board\ArduinoCore\Debug\libArduinoCore.a(Print.o)
 *fill*         0x00002847        0x1 
 .rodata._ZTV4Uart
                0x00002848       0x34 D:\git\pf_controller_board\solution\pf_controller_board\pf_controller_board\ArduinoCore\Debug\libArduinoCore.a(Uart.o)
                0x00002848                vtable for Uart
 .rodata._ZTV7Serial_
                0x0000287c       0x58 D:\git\pf_controller_board\solution\pf_controller_board\pf_controller_board\ArduinoCore\Debug\libArduinoCore.a(CDC.o)
                0x0000287c                vtable for Serial_
 .rodata._ZTV26DoubleBufferedEPOutHandler
                0x000028d4       0x24 D:\git\pf_controller_board\solution\pf_controller_board\pf_controller_board\ArduinoCore\Debug\libArduinoCore.a(USBCore.o)
                0x000028d4                vtable for DoubleBufferedEPOutHandler
 .rodata._ZL14STRING_PRODUCT
                0x000028f8        0xf D:\git\pf_controller_board\solution\pf_controller_board\pf_controller_board\ArduinoCore\Debug\libArduinoCore.a(USBCore.o)
 *fill*         0x00002907        0x1 
 .rodata._ZL15STRING_LANGUAGE
                0x00002908        0x4 D:\git\pf_controller_board\solution\pf_controller_board\pf_controller_board\ArduinoCore\Debug\libArduinoCore.a(USBCore.o)
 .rodata._ZL19STRING_MANUFACTURER
                0x0000290c        0xc D:\git\pf_controller_board\solution\pf_controller_board\pf_controller_board\ArduinoCore\Debug\libArduinoCore.a(USBCore.o)
 .rodata._ZL21USB_DeviceDescriptorB
                0x00002918       0x12 D:\git\pf_controller_board\solution\pf_controller_board\pf_controller_board\ArduinoCore\Debug\libArduinoCore.a(USBCore.o)
 *fill*         0x0000292a        0x2 
 .rodata.g_APinDescription
                0x0000292c      0x480 D:\git\pf_controller_board\solution\pf_controller_board\pf_controller_board\ArduinoCore\Debug\libArduinoCore.a(variant.o)
                0x0000292c                g_APinDescription
 *(.eh_frame*)
 .eh_frame      0x00002dac        0x0 d:/program files (x86)/atmel/studio/7.0/toolchain/arm/arm-gnu-toolchain/bin/../lib/gcc/arm-none-eabi/6.3.1/thumb/v6-m/crtbegin.o
 .eh_frame      0x00002dac        0x4 d:/program files (x86)/atmel/studio/7.0/toolchain/arm/arm-gnu-toolchain/bin/../lib/gcc/arm-none-eabi/6.3.1/thumb/v6-m/crtend.o

.glue_7         0x00002db0        0x0
 .glue_7        0x00002db0        0x0 linker stubs

.glue_7t        0x00002db0        0x0
 .glue_7t       0x00002db0        0x0 linker stubs

.vfp11_veneer   0x00002db0        0x0
 .vfp11_veneer  0x00002db0        0x0 linker stubs

.v4_bx          0x00002db0        0x0
 .v4_bx         0x00002db0        0x0 linker stubs

.iplt           0x00002db0        0x0
 .iplt          0x00002db0        0x0 d:/program files (x86)/atmel/studio/7.0/toolchain/arm/arm-gnu-toolchain/bin/../lib/gcc/arm-none-eabi/6.3.1/thumb/v6-m/crtbegin.o

.rel.dyn        0x00002db0        0x0
 .rel.iplt      0x00002db0        0x0 d:/program files (x86)/atmel/studio/7.0/toolchain/arm/arm-gnu-toolchain/bin/../lib/gcc/arm-none-eabi/6.3.1/thumb/v6-m/crtbegin.o

.ARM.extab
 *(.ARM.extab* .gnu.linkonce.armextab.*)
                0x00002db0                __exidx_start = .

.ARM.exidx
 *(.ARM.exidx* .gnu.linkonce.armexidx.*)
                0x00002db0                __exidx_end = .
                0x00002db0                __etext = .

.data           0x20000000       0x94 load address 0x00002db0
                0x20000000                __data_start__ = .
 *(vtable)
 *(.data*)
 .data._ZL5ticks
                0x20000000        0x4 D:\git\pf_controller_board\solution\pf_controller_board\pf_controller_board\ArduinoCore\Debug\libArduinoCore.a(Reset.o)
 .data._ZL10breakValue
                0x20000004        0x4 D:\git\pf_controller_board\solution\pf_controller_board\pf_controller_board\ArduinoCore\Debug\libArduinoCore.a(CDC.o)
 .data._ZL12_usbLineInfo
                0x20000008        0x8 D:\git\pf_controller_board\solution\pf_controller_board\pf_controller_board\ArduinoCore\Debug\libArduinoCore.a(CDC.o)
 .data._serialPeek
                0x20000010        0x4 D:\git\pf_controller_board\solution\pf_controller_board\pf_controller_board\ArduinoCore\Debug\libArduinoCore.a(CDC.o)
                0x20000010                _serialPeek
 .data.SystemCoreClock
                0x20000014        0x4 D:\git\pf_controller_board\solution\pf_controller_board\pf_controller_board\ArduinoCore\Debug\libArduinoCore.a(wiring.o)
                0x20000014                SystemCoreClock
 .data._impure_ptr
                0x20000018        0x4 d:/program files (x86)/atmel/studio/7.0/toolchain/arm/arm-gnu-toolchain/bin/../lib/gcc/arm-none-eabi/6.3.1/../../../../arm-none-eabi/lib/thumb/v6-m\libc_nano.a(lib_a-impure.o)
                0x20000018                _impure_ptr
 .data.impure_data
                0x2000001c       0x60 d:/program files (x86)/atmel/studio/7.0/toolchain/arm/arm-gnu-toolchain/bin/../lib/gcc/arm-none-eabi/6.3.1/../../../../arm-none-eabi/lib/thumb/v6-m\libc_nano.a(lib_a-impure.o)
                0x2000007c                . = ALIGN (0x4)
                0x2000007c                PROVIDE (__preinit_array_start, .)
 *(.preinit_array)
                0x2000007c                PROVIDE (__preinit_array_end, .)
                0x2000007c                . = ALIGN (0x4)
                0x2000007c                PROVIDE (__init_array_start, .)
 *(SORT(.init_array.*))
 *(.init_array)
 .init_array    0x2000007c        0x4 d:/program files (x86)/atmel/studio/7.0/toolchain/arm/arm-gnu-toolchain/bin/../lib/gcc/arm-none-eabi/6.3.1/thumb/v6-m/crtbegin.o
 .init_array    0x20000080        0x4 D:\git\pf_controller_board\solution\pf_controller_board\pf_controller_board\ArduinoCore\Debug\libArduinoCore.a(CDC.o)
 .init_array    0x20000084        0x4 D:\git\pf_controller_board\solution\pf_controller_board\pf_controller_board\ArduinoCore\Debug\libArduinoCore.a(USBCore.o)
 .init_array    0x20000088        0x4 D:\git\pf_controller_board\solution\pf_controller_board\pf_controller_board\ArduinoCore\Debug\libArduinoCore.a(variant.o)
                0x2000008c                PROVIDE (__init_array_end, .)
                0x2000008c                . = ALIGN (0x4)
                [!provide]                PROVIDE (__fini_array_start, .)
 *(SORT(.fini_array.*))
 *(.fini_array)
 .fini_array    0x2000008c        0x4 d:/program files (x86)/atmel/studio/7.0/toolchain/arm/arm-gnu-toolchain/bin/../lib/gcc/arm-none-eabi/6.3.1/thumb/v6-m/crtbegin.o
                [!provide]                PROVIDE (__fini_array_end, .)
 *(.jcr*)
 .jcr           0x20000090        0x0 d:/program files (x86)/atmel/studio/7.0/toolchain/arm/arm-gnu-toolchain/bin/../lib/gcc/arm-none-eabi/6.3.1/thumb/v6-m/crtbegin.o
 .jcr           0x20000090        0x4 d:/program files (x86)/atmel/studio/7.0/toolchain/arm/arm-gnu-toolchain/bin/../lib/gcc/arm-none-eabi/6.3.1/thumb/v6-m/crtend.o
                0x20000094                . = ALIGN (0x4)
                0x20000094                __data_end__ = .

.igot.plt       0x20000094        0x0 load address 0x00002e44
 .igot.plt      0x20000094        0x0 d:/program files (x86)/atmel/studio/7.0/toolchain/arm/arm-gnu-toolchain/bin/../lib/gcc/arm-none-eabi/6.3.1/thumb/v6-m/crtbegin.o

.bss            0x20000094      0xae8 load address 0x00002e44
                0x20000094                . = ALIGN (0x4)
                0x20000094                __bss_start__ = .
 *(.bss*)
 .bss           0x20000094       0x1c d:/program files (x86)/atmel/studio/7.0/toolchain/arm/arm-gnu-toolchain/bin/../lib/gcc/arm-none-eabi/6.3.1/thumb/v6-m/crtbegin.o
 .bss.usb_isr   0x200000b0        0x4 D:\git\pf_controller_board\solution\pf_controller_board\pf_controller_board\ArduinoCore\Debug\libArduinoCore.a(cortex_handlers.o)
 .bss._ulTickCount
                0x200000b4        0x4 D:\git\pf_controller_board\solution\pf_controller_board\pf_controller_board\ArduinoCore\Debug\libArduinoCore.a(delay.o)
 .bss.SerialUSB
                0x200000b8       0x34 D:\git\pf_controller_board\solution\pf_controller_board\pf_controller_board\ArduinoCore\Debug\libArduinoCore.a(CDC.o)
                0x200000b8                SerialUSB
 .bss._ZGVZ12PluggableUSBvE3obj
                0x200000ec        0x4 D:\git\pf_controller_board\solution\pf_controller_board\pf_controller_board\ArduinoCore\Debug\libArduinoCore.a(PluggableUSB.o)
 .bss._ZZ12PluggableUSBvE3obj
                0x200000f0        0x8 D:\git\pf_controller_board\solution\pf_controller_board\pf_controller_board\ArduinoCore\Debug\libArduinoCore.a(PluggableUSB.o)
 .bss.EndPoints
                0x200000f8       0x28 D:\git\pf_controller_board\solution\pf_controller_board\pf_controller_board\ArduinoCore\Debug\libArduinoCore.a(USBCore.o)
                0x200000f8                EndPoints
 .bss.USBDevice
                0x20000120        0x1 D:\git\pf_controller_board\solution\pf_controller_board\pf_controller_board\ArduinoCore\Debug\libArduinoCore.a(USBCore.o)
                0x20000120                USBDevice
 *fill*         0x20000121        0x3 
 .bss._ZL10epHandlers
                0x20000124       0x1c D:\git\pf_controller_board\solution\pf_controller_board\pf_controller_board\ArduinoCore\Debug\libArduinoCore.a(USBCore.o)
 .bss._ZL10rxLEDPulse
                0x20000140        0x1 D:\git\pf_controller_board\solution\pf_controller_board\pf_controller_board\ArduinoCore\Debug\libArduinoCore.a(USBCore.o)
 .bss._ZL10txLEDPulse
                0x20000141        0x1 D:\git\pf_controller_board\solution\pf_controller_board\pf_controller_board\ArduinoCore\Debug\libArduinoCore.a(USBCore.o)
 .bss._ZL14isEndpointHalt
                0x20000142        0x1 D:\git\pf_controller_board\solution\pf_controller_board\pf_controller_board\ArduinoCore\Debug\libArduinoCore.a(USBCore.o)
 .bss._ZL20LastTransmitTimedOut
                0x20000143        0x7 D:\git\pf_controller_board\solution\pf_controller_board\pf_controller_board\ArduinoCore\Debug\libArduinoCore.a(USBCore.o)
 .bss._ZL21isRemoteWakeUpEnabled
                0x2000014a        0x1 D:\git\pf_controller_board\solution\pf_controller_board\pf_controller_board\ArduinoCore\Debug\libArduinoCore.a(USBCore.o)
 *fill*         0x2000014b        0x1 
 .bss._ZL22udd_ep_in_cache_buffer
                0x2000014c      0x1c0 D:\git\pf_controller_board\solution\pf_controller_board\pf_controller_board\ArduinoCore\Debug\libArduinoCore.a(USBCore.o)
 .bss._ZL23udd_ep_out_cache_buffer
                0x2000030c      0x1c0 D:\git\pf_controller_board\solution\pf_controller_board\pf_controller_board\ArduinoCore\Debug\libArduinoCore.a(USBCore.o)
 .bss._dry_run  0x200004cc        0x1 D:\git\pf_controller_board\solution\pf_controller_board\pf_controller_board\ArduinoCore\Debug\libArduinoCore.a(USBCore.o)
                0x200004cc                _dry_run
 .bss._pack_buffer
                0x200004cd      0x100 D:\git\pf_controller_board\solution\pf_controller_board\pf_controller_board\ArduinoCore\Debug\libArduinoCore.a(USBCore.o)
                0x200004cd                _pack_buffer
 .bss._pack_message
                0x200005cd        0x1 D:\git\pf_controller_board\solution\pf_controller_board\pf_controller_board\ArduinoCore\Debug\libArduinoCore.a(USBCore.o)
                0x200005cd                _pack_message
 .bss._pack_size
                0x200005ce        0x2 D:\git\pf_controller_board\solution\pf_controller_board\pf_controller_board\ArduinoCore\Debug\libArduinoCore.a(USBCore.o)
                0x200005ce                _pack_size
 .bss._usbConfiguration
                0x200005d0        0x4 D:\git\pf_controller_board\solution\pf_controller_board\pf_controller_board\ArduinoCore\Debug\libArduinoCore.a(USBCore.o)
                0x200005d0                _usbConfiguration
 .bss._usbSetInterface
                0x200005d4        0x4 D:\git\pf_controller_board\solution\pf_controller_board\pf_controller_board\ArduinoCore\Debug\libArduinoCore.a(USBCore.o)
                0x200005d4                _usbSetInterface
 .bss.usbd      0x200005d8      0x104 D:\git\pf_controller_board\solution\pf_controller_board\pf_controller_board\ArduinoCore\Debug\libArduinoCore.a(USBCore.o)
                0x200005d8                usbd
 .bss.Serial    0x200006dc      0x23c D:\git\pf_controller_board\solution\pf_controller_board\pf_controller_board\ArduinoCore\Debug\libArduinoCore.a(variant.o)
                0x200006dc                Serial
 .bss.Serial1   0x20000918      0x23c D:\git\pf_controller_board\solution\pf_controller_board\pf_controller_board\ArduinoCore\Debug\libArduinoCore.a(variant.o)
                0x20000918                Serial1
 .bss.sercom0   0x20000b54        0x4 D:\git\pf_controller_board\solution\pf_controller_board\pf_controller_board\ArduinoCore\Debug\libArduinoCore.a(variant.o)
                0x20000b54                sercom0
 .bss.sercom1   0x20000b58        0x4 D:\git\pf_controller_board\solution\pf_controller_board\pf_controller_board\ArduinoCore\Debug\libArduinoCore.a(variant.o)
                0x20000b58                sercom1
 .bss.sercom2   0x20000b5c        0x4 D:\git\pf_controller_board\solution\pf_controller_board\pf_controller_board\ArduinoCore\Debug\libArduinoCore.a(variant.o)
                0x20000b5c                sercom2
 .bss.sercom3   0x20000b60        0x4 D:\git\pf_controller_board\solution\pf_controller_board\pf_controller_board\ArduinoCore\Debug\libArduinoCore.a(variant.o)
                0x20000b60                sercom3
 .bss.sercom4   0x20000b64        0x4 D:\git\pf_controller_board\solution\pf_controller_board\pf_controller_board\ArduinoCore\Debug\libArduinoCore.a(variant.o)
                0x20000b64                sercom4
 .bss.sercom5   0x20000b68        0x4 D:\git\pf_controller_board\solution\pf_controller_board\pf_controller_board\ArduinoCore\Debug\libArduinoCore.a(variant.o)
                0x20000b68                sercom5
 .bss.__malloc_free_list
                0x20000b6c        0x4 d:/program files (x86)/atmel/studio/7.0/toolchain/arm/arm-gnu-toolchain/bin/../lib/gcc/arm-none-eabi/6.3.1/../../../../arm-none-eabi/lib/thumb/v6-m\libc_nano.a(lib_a-nano-mallocr.o)
                0x20000b6c                __malloc_free_list
 .bss.__malloc_sbrk_start
                0x20000b70        0x4 d:/program files (x86)/atmel/studio/7.0/toolchain/arm/arm-gnu-toolchain/bin/../lib/gcc/arm-none-eabi/6.3.1/../../../../arm-none-eabi/lib/thumb/v6-m\libc_nano.a(lib_a-nano-mallocr.o)
                0x20000b70                __malloc_sbrk_start
 .bss.heap_end.4116
                0x20000b74        0x4 d:/program files (x86)/atmel/studio/7.0/toolchain/arm/arm-gnu-toolchain/bin/../lib/gcc/arm-none-eabi/6.3.1/../../../../arm-none-eabi/lib/thumb/v6-m\libnosys.a(sbrk.o)
 *(COMMON)
 COMMON         0x20000b78        0x4 d:/program files (x86)/atmel/studio/7.0/toolchain/arm/arm-gnu-toolchain/bin/../lib/gcc/arm-none-eabi/6.3.1/../../../../arm-none-eabi/lib/thumb/v6-m\libc_nano.a(lib_a-reent.o)
                0x20000b78                errno
                0x20000b7c                . = ALIGN (0x4)
                0x20000b7c                __bss_end__ = .

.heap           0x20000b7c        0x0
                0x20000b7c                __end__ = .
                0x20000b7c                PROVIDE (end, .)
 *(.heap*)
                0x20000b7c                __HeapLimit = .

.stack_dummy    0x20000b7c        0x0
 *(.stack*)
                0x20008000                __StackTop = (ORIGIN (RAM) + LENGTH (RAM))
                0x20008000                __StackLimit = (__StackTop - SIZEOF (.stack_dummy))
                0x20008000                PROVIDE (__stack, __StackTop)
                0x20007fff                __ram_end__ = ((ORIGIN (RAM) + LENGTH (RAM)) - 0x1)
                0x00000001                ASSERT ((__StackLimit >= __HeapLimit), region RAM overflowed with stack)
OUTPUT(BlinkAndPrint.elf elf32-littlearm)

.ARM.attributes
                0x00000000       0x28
 .ARM.attributes
                0x00000000       0x1e d:/program files (x86)/atmel/studio/7.0/toolchain/arm/arm-gnu-toolchain/bin/../lib/gcc/arm-none-eabi/6.3.1/thumb/v6-m/crti.o
 .ARM.attributes
                0x0000001e       0x2c d:/program files (x86)/atmel/studio/7.0/toolchain/arm/arm-gnu-toolchain/bin/../lib/gcc/arm-none-eabi/6.3.1/thumb/v6-m/crtbegin.o
 .ARM.attributes
                0x0000004a       0x32 Sketch.o
 .ARM.attributes
                0x0000007c       0x32 D:\git\pf_controller_board\solution\pf_controller_board\pf_controller_board\ArduinoCore\Debug\libArduinoCore.a(cortex_handlers.o)
 .ARM.attributes
                0x000000ae       0x32 D:\git\pf_controller_board\solution\pf_controller_board\pf_controller_board\ArduinoCore\Debug\libArduinoCore.a(delay.o)
 .ARM.attributes
                0x000000e0       0x32 D:\git\pf_controller_board\solution\pf_controller_board\pf_controller_board\ArduinoCore\Debug\libArduinoCore.a(hooks.o)
 .ARM.attributes
                0x00000112       0x32 D:\git\pf_controller_board\solution\pf_controller_board\pf_controller_board\ArduinoCore\Debug\libArduinoCore.a(main.o)
 .ARM.attributes
                0x00000144       0x32 D:\git\pf_controller_board\solution\pf_controller_board\pf_controller_board\ArduinoCore\Debug\libArduinoCore.a(Print.o)
 .ARM.attributes
                0x00000176       0x32 D:\git\pf_controller_board\solution\pf_controller_board\pf_controller_board\ArduinoCore\Debug\libArduinoCore.a(Reset.o)
 .ARM.attributes
                0x000001a8       0x32 D:\git\pf_controller_board\solution\pf_controller_board\pf_controller_board\ArduinoCore\Debug\libArduinoCore.a(startup.o)
 .ARM.attributes
                0x000001da       0x32 D:\git\pf_controller_board\solution\pf_controller_board\pf_controller_board\ArduinoCore\Debug\libArduinoCore.a(Uart.o)
 .ARM.attributes
                0x0000020c       0x32 D:\git\pf_controller_board\solution\pf_controller_board\pf_controller_board\ArduinoCore\Debug\libArduinoCore.a(CDC.o)
 .ARM.attributes
                0x0000023e       0x32 D:\git\pf_controller_board\solution\pf_controller_board\pf_controller_board\ArduinoCore\Debug\libArduinoCore.a(PluggableUSB.o)
 .ARM.attributes
                0x00000270       0x32 D:\git\pf_controller_board\solution\pf_controller_board\pf_controller_board\ArduinoCore\Debug\libArduinoCore.a(USBCore.o)
 .ARM.attributes
                0x000002a2       0x32 D:\git\pf_controller_board\solution\pf_controller_board\pf_controller_board\ArduinoCore\Debug\libArduinoCore.a(wiring.o)
 .ARM.attributes
                0x000002d4       0x32 D:\git\pf_controller_board\solution\pf_controller_board\pf_controller_board\ArduinoCore\Debug\libArduinoCore.a(wiring_analog.o)
 .ARM.attributes
                0x00000306       0x32 D:\git\pf_controller_board\solution\pf_controller_board\pf_controller_board\ArduinoCore\Debug\libArduinoCore.a(wiring_digital.o)
 .ARM.attributes
                0x00000338       0x32 D:\git\pf_controller_board\solution\pf_controller_board\pf_controller_board\ArduinoCore\Debug\libArduinoCore.a(wiring_private.o)
 .ARM.attributes
                0x0000036a       0x32 D:\git\pf_controller_board\solution\pf_controller_board\pf_controller_board\ArduinoCore\Debug\libArduinoCore.a(variant.o)
 .ARM.attributes
                0x0000039c       0x32 D:\git\pf_controller_board\solution\pf_controller_board\pf_controller_board\ArduinoCore\Debug\libArduinoCore.a(new.o)
 .ARM.attributes
                0x000003ce       0x32 D:\git\pf_controller_board\solution\pf_controller_board\pf_controller_board\ArduinoCore\Debug\libArduinoCore.a(SERCOM.o)
 .ARM.attributes
                0x00000400       0x1e d:/program files (x86)/atmel/studio/7.0/toolchain/arm/arm-gnu-toolchain/bin/../lib/gcc/arm-none-eabi/6.3.1/thumb/v6-m\libgcc.a(_thumb1_case_uqi.o)
 .ARM.attributes
                0x0000041e       0x1e d:/program files (x86)/atmel/studio/7.0/toolchain/arm/arm-gnu-toolchain/bin/../lib/gcc/arm-none-eabi/6.3.1/thumb/v6-m\libgcc.a(_udivsi3.o)
 .ARM.attributes
                0x0000043c       0x1e d:/program files (x86)/atmel/studio/7.0/toolchain/arm/arm-gnu-toolchain/bin/../lib/gcc/arm-none-eabi/6.3.1/thumb/v6-m\libgcc.a(_dvmd_tls.o)
 .ARM.attributes
                0x0000045a       0x2c d:/program files (x86)/atmel/studio/7.0/toolchain/arm/arm-gnu-toolchain/bin/../lib/gcc/arm-none-eabi/6.3.1/../../../../arm-none-eabi/lib/thumb/v6-m\libc_nano.a(lib_a-impure.o)
 .ARM.attributes
                0x00000486       0x2c d:/program files (x86)/atmel/studio/7.0/toolchain/arm/arm-gnu-toolchain/bin/../lib/gcc/arm-none-eabi/6.3.1/../../../../arm-none-eabi/lib/thumb/v6-m\libc_nano.a(lib_a-init.o)
 .ARM.attributes
                0x000004b2       0x2c d:/program files (x86)/atmel/studio/7.0/toolchain/arm/arm-gnu-toolchain/bin/../lib/gcc/arm-none-eabi/6.3.1/../../../../arm-none-eabi/lib/thumb/v6-m\libc_nano.a(lib_a-malloc.o)
 .ARM.attributes
                0x000004de       0x2c d:/program files (x86)/atmel/studio/7.0/toolchain/arm/arm-gnu-toolchain/bin/../lib/gcc/arm-none-eabi/6.3.1/../../../../arm-none-eabi/lib/thumb/v6-m\libc_nano.a(lib_a-memcpy-stub.o)
 .ARM.attributes
                0x0000050a       0x2c d:/program files (x86)/atmel/studio/7.0/toolchain/arm/arm-gnu-toolchain/bin/../lib/gcc/arm-none-eabi/6.3.1/../../../../arm-none-eabi/lib/thumb/v6-m\libc_nano.a(lib_a-memset.o)
 .ARM.attributes
                0x00000536       0x2c d:/program files (x86)/atmel/studio/7.0/toolchain/arm/arm-gnu-toolchain/bin/../lib/gcc/arm-none-eabi/6.3.1/../../../../arm-none-eabi/lib/thumb/v6-m\libc_nano.a(lib_a-nano-freer.o)
 .ARM.attributes
                0x00000562       0x2c d:/program files (x86)/atmel/studio/7.0/toolchain/arm/arm-gnu-toolchain/bin/../lib/gcc/arm-none-eabi/6.3.1/../../../../arm-none-eabi/lib/thumb/v6-m\libc_nano.a(lib_a-nano-mallocr.o)
 .ARM.attributes
                0x0000058e       0x2c d:/program files (x86)/atmel/studio/7.0/toolchain/arm/arm-gnu-toolchain/bin/../lib/gcc/arm-none-eabi/6.3.1/../../../../arm-none-eabi/lib/thumb/v6-m\libc_nano.a(lib_a-sbrkr.o)
 .ARM.attributes
                0x000005ba       0x1c d:/program files (x86)/atmel/studio/7.0/toolchain/arm/arm-gnu-toolchain/bin/../lib/gcc/arm-none-eabi/6.3.1/../../../../arm-none-eabi/lib/thumb/v6-m\libc_nano.a(lib_a-strlen.o)
 .ARM.attributes
                0x000005d6       0x2c d:/program files (x86)/atmel/studio/7.0/toolchain/arm/arm-gnu-toolchain/bin/../lib/gcc/arm-none-eabi/6.3.1/../../../../arm-none-eabi/lib/thumb/v6-m\libc_nano.a(lib_a-mlock.o)
 .ARM.attributes
                0x00000602       0x2c d:/program files (x86)/atmel/studio/7.0/toolchain/arm/arm-gnu-toolchain/bin/../lib/gcc/arm-none-eabi/6.3.1/../../../../arm-none-eabi/lib/thumb/v6-m\libc_nano.a(lib_a-reent.o)
 .ARM.attributes
                0x0000062e       0x2c d:/program files (x86)/atmel/studio/7.0/toolchain/arm/arm-gnu-toolchain/bin/../lib/gcc/arm-none-eabi/6.3.1/../../../../arm-none-eabi/lib/thumb/v6-m\libnosys.a(sbrk.o)
 .ARM.attributes
                0x0000065a       0x2c d:/program files (x86)/atmel/studio/7.0/toolchain/arm/arm-gnu-toolchain/bin/../lib/gcc/arm-none-eabi/6.3.1/thumb/v6-m/crtend.o
 .ARM.attributes
                0x00000686       0x1e d:/program files (x86)/atmel/studio/7.0/toolchain/arm/arm-gnu-toolchain/bin/../lib/gcc/arm-none-eabi/6.3.1/thumb/v6-m/crtn.o

.comment        0x00000000       0x59
 .comment       0x00000000       0x59 Sketch.o
                                 0x5a (size before relaxing)
 .comment       0x00000059       0x5a D:\git\pf_controller_board\solution\pf_controller_board\pf_controller_board\ArduinoCore\Debug\libArduinoCore.a(cortex_handlers.o)
 .comment       0x00000059       0x5a D:\git\pf_controller_board\solution\pf_controller_board\pf_controller_board\ArduinoCore\Debug\libArduinoCore.a(delay.o)
 .comment       0x00000059       0x5a D:\git\pf_controller_board\solution\pf_controller_board\pf_controller_board\ArduinoCore\Debug\libArduinoCore.a(hooks.o)
 .comment       0x00000059       0x5a D:\git\pf_controller_board\solution\pf_controller_board\pf_controller_board\ArduinoCore\Debug\libArduinoCore.a(main.o)
 .comment       0x00000059       0x5a D:\git\pf_controller_board\solution\pf_controller_board\pf_controller_board\ArduinoCore\Debug\libArduinoCore.a(Print.o)
 .comment       0x00000059       0x5a D:\git\pf_controller_board\solution\pf_controller_board\pf_controller_board\ArduinoCore\Debug\libArduinoCore.a(Reset.o)
 .comment       0x00000059       0x5a D:\git\pf_controller_board\solution\pf_controller_board\pf_controller_board\ArduinoCore\Debug\libArduinoCore.a(startup.o)
 .comment       0x00000059       0x5a D:\git\pf_controller_board\solution\pf_controller_board\pf_controller_board\ArduinoCore\Debug\libArduinoCore.a(Uart.o)
 .comment       0x00000059       0x5a D:\git\pf_controller_board\solution\pf_controller_board\pf_controller_board\ArduinoCore\Debug\libArduinoCore.a(CDC.o)
 .comment       0x00000059       0x5a D:\git\pf_controller_board\solution\pf_controller_board\pf_controller_board\ArduinoCore\Debug\libArduinoCore.a(PluggableUSB.o)
 .comment       0x00000059       0x5a D:\git\pf_controller_board\solution\pf_controller_board\pf_controller_board\ArduinoCore\Debug\libArduinoCore.a(USBCore.o)
 .comment       0x00000059       0x5a D:\git\pf_controller_board\solution\pf_controller_board\pf_controller_board\ArduinoCore\Debug\libArduinoCore.a(wiring.o)
 .comment       0x00000059       0x5a D:\git\pf_controller_board\solution\pf_controller_board\pf_controller_board\ArduinoCore\Debug\libArduinoCore.a(wiring_analog.o)
 .comment       0x00000059       0x5a D:\git\pf_controller_board\solution\pf_controller_board\pf_controller_board\ArduinoCore\Debug\libArduinoCore.a(wiring_digital.o)
 .comment       0x00000059       0x5a D:\git\pf_controller_board\solution\pf_controller_board\pf_controller_board\ArduinoCore\Debug\libArduinoCore.a(wiring_private.o)
 .comment       0x00000059       0x5a D:\git\pf_controller_board\solution\pf_controller_board\pf_controller_board\ArduinoCore\Debug\libArduinoCore.a(variant.o)
 .comment       0x00000059       0x5a D:\git\pf_controller_board\solution\pf_controller_board\pf_controller_board\ArduinoCore\Debug\libArduinoCore.a(new.o)
 .comment       0x00000059       0x5a D:\git\pf_controller_board\solution\pf_controller_board\pf_controller_board\ArduinoCore\Debug\libArduinoCore.a(SERCOM.o)

.debug_info     0x00000000    0x53ebe
 .debug_info    0x00000000     0x491d Sketch.o
 .debug_info    0x0000491d     0x1258 D:\git\pf_controller_board\solution\pf_controller_board\pf_controller_board\ArduinoCore\Debug\libArduinoCore.a(cortex_handlers.o)
 .debug_info    0x00005b75     0x14c5 D:\git\pf_controller_board\solution\pf_controller_board\pf_controller_board\ArduinoCore\Debug\libArduinoCore.a(delay.o)
 .debug_info    0x0000703a       0x72 D:\git\pf_controller_board\solution\pf_controller_board\pf_controller_board\ArduinoCore\Debug\libArduinoCore.a(hooks.o)
 .debug_info    0x000070ac     0x4837 D:\git\pf_controller_board\solution\pf_controller_board\pf_controller_board\ArduinoCore\Debug\libArduinoCore.a(main.o)
 .debug_info    0x0000b8e3     0x7017 D:\git\pf_controller_board\solution\pf_controller_board\pf_controller_board\ArduinoCore\Debug\libArduinoCore.a(Print.o)
 .debug_info    0x000128fa     0x4e3e D:\git\pf_controller_board\solution\pf_controller_board\pf_controller_board\ArduinoCore\Debug\libArduinoCore.a(Reset.o)
 .debug_info    0x00017738     0x3874 D:\git\pf_controller_board\solution\pf_controller_board\pf_controller_board\ArduinoCore\Debug\libArduinoCore.a(startup.o)
 .debug_info    0x0001afac     0x79b0 D:\git\pf_controller_board\solution\pf_controller_board\pf_controller_board\ArduinoCore\Debug\libArduinoCore.a(Uart.o)
 .debug_info    0x0002295c     0x9b04 D:\git\pf_controller_board\solution\pf_controller_board\pf_controller_board\ArduinoCore\Debug\libArduinoCore.a(CDC.o)
 .debug_info    0x0002c460     0x1c76 D:\git\pf_controller_board\solution\pf_controller_board\pf_controller_board\ArduinoCore\Debug\libArduinoCore.a(PluggableUSB.o)
 .debug_info    0x0002e0d6     0xcced D:\git\pf_controller_board\solution\pf_controller_board\pf_controller_board\ArduinoCore\Debug\libArduinoCore.a(USBCore.o)
 .debug_info    0x0003adc3     0x3030 D:\git\pf_controller_board\solution\pf_controller_board\pf_controller_board\ArduinoCore\Debug\libArduinoCore.a(wiring.o)
 .debug_info    0x0003ddf3     0x5475 D:\git\pf_controller_board\solution\pf_controller_board\pf_controller_board\ArduinoCore\Debug\libArduinoCore.a(wiring_analog.o)
 .debug_info    0x00043268     0x194c D:\git\pf_controller_board\solution\pf_controller_board\pf_controller_board\ArduinoCore\Debug\libArduinoCore.a(wiring_digital.o)
 .debug_info    0x00044bb4     0x192f D:\git\pf_controller_board\solution\pf_controller_board\pf_controller_board\ArduinoCore\Debug\libArduinoCore.a(wiring_private.o)
 .debug_info    0x000464e3     0x6b45 D:\git\pf_controller_board\solution\pf_controller_board\pf_controller_board\ArduinoCore\Debug\libArduinoCore.a(variant.o)
 .debug_info    0x0004d028     0x107d D:\git\pf_controller_board\solution\pf_controller_board\pf_controller_board\ArduinoCore\Debug\libArduinoCore.a(new.o)
 .debug_info    0x0004e0a5     0x5e19 D:\git\pf_controller_board\solution\pf_controller_board\pf_controller_board\ArduinoCore\Debug\libArduinoCore.a(SERCOM.o)

.debug_abbrev   0x00000000     0x5f2d
 .debug_abbrev  0x00000000      0x4b8 Sketch.o
 .debug_abbrev  0x000004b8      0x298 D:\git\pf_controller_board\solution\pf_controller_board\pf_controller_board\ArduinoCore\Debug\libArduinoCore.a(cortex_handlers.o)
 .debug_abbrev  0x00000750      0x2d2 D:\git\pf_controller_board\solution\pf_controller_board\pf_controller_board\ArduinoCore\Debug\libArduinoCore.a(delay.o)
 .debug_abbrev  0x00000a22       0x4e D:\git\pf_controller_board\solution\pf_controller_board\pf_controller_board\ArduinoCore\Debug\libArduinoCore.a(hooks.o)
 .debug_abbrev  0x00000a70      0x4da D:\git\pf_controller_board\solution\pf_controller_board\pf_controller_board\ArduinoCore\Debug\libArduinoCore.a(main.o)
 .debug_abbrev  0x00000f4a      0x78f D:\git\pf_controller_board\solution\pf_controller_board\pf_controller_board\ArduinoCore\Debug\libArduinoCore.a(Print.o)
 .debug_abbrev  0x000016d9      0x589 D:\git\pf_controller_board\solution\pf_controller_board\pf_controller_board\ArduinoCore\Debug\libArduinoCore.a(Reset.o)
 .debug_abbrev  0x00001c62      0x28f D:\git\pf_controller_board\solution\pf_controller_board\pf_controller_board\ArduinoCore\Debug\libArduinoCore.a(startup.o)
 .debug_abbrev  0x00001ef1      0x815 D:\git\pf_controller_board\solution\pf_controller_board\pf_controller_board\ArduinoCore\Debug\libArduinoCore.a(Uart.o)
 .debug_abbrev  0x00002706      0xa50 D:\git\pf_controller_board\solution\pf_controller_board\pf_controller_board\ArduinoCore\Debug\libArduinoCore.a(CDC.o)
 .debug_abbrev  0x00003156      0x51c D:\git\pf_controller_board\solution\pf_controller_board\pf_controller_board\ArduinoCore\Debug\libArduinoCore.a(PluggableUSB.o)
 .debug_abbrev  0x00003672      0xbf5 D:\git\pf_controller_board\solution\pf_controller_board\pf_controller_board\ArduinoCore\Debug\libArduinoCore.a(USBCore.o)
 .debug_abbrev  0x00004267      0x35c D:\git\pf_controller_board\solution\pf_controller_board\pf_controller_board\ArduinoCore\Debug\libArduinoCore.a(wiring.o)
 .debug_abbrev  0x000045c3      0x450 D:\git\pf_controller_board\solution\pf_controller_board\pf_controller_board\ArduinoCore\Debug\libArduinoCore.a(wiring_analog.o)
 .debug_abbrev  0x00004a13      0x2fd D:\git\pf_controller_board\solution\pf_controller_board\pf_controller_board\ArduinoCore\Debug\libArduinoCore.a(wiring_digital.o)
 .debug_abbrev  0x00004d10      0x2ea D:\git\pf_controller_board\solution\pf_controller_board\pf_controller_board\ArduinoCore\Debug\libArduinoCore.a(wiring_private.o)
 .debug_abbrev  0x00004ffa      0x4f4 D:\git\pf_controller_board\solution\pf_controller_board\pf_controller_board\ArduinoCore\Debug\libArduinoCore.a(variant.o)
 .debug_abbrev  0x000054ee      0x2e5 D:\git\pf_controller_board\solution\pf_controller_board\pf_controller_board\ArduinoCore\Debug\libArduinoCore.a(new.o)
 .debug_abbrev  0x000057d3      0x75a D:\git\pf_controller_board\solution\pf_controller_board\pf_controller_board\ArduinoCore\Debug\libArduinoCore.a(SERCOM.o)

.debug_loc      0x00000000     0x77b7
 .debug_loc     0x00000000       0x53 Sketch.o
 .debug_loc     0x00000053       0x9c D:\git\pf_controller_board\solution\pf_controller_board\pf_controller_board\ArduinoCore\Debug\libArduinoCore.a(cortex_handlers.o)
 .debug_loc     0x000000ef      0x15b D:\git\pf_controller_board\solution\pf_controller_board\pf_controller_board\ArduinoCore\Debug\libArduinoCore.a(delay.o)
 .debug_loc     0x0000024a       0x20 D:\git\pf_controller_board\solution\pf_controller_board\pf_controller_board\ArduinoCore\Debug\libArduinoCore.a(main.o)
 .debug_loc     0x0000026a     0x16fb D:\git\pf_controller_board\solution\pf_controller_board\pf_controller_board\ArduinoCore\Debug\libArduinoCore.a(Print.o)
 .debug_loc     0x00001965       0x6d D:\git\pf_controller_board\solution\pf_controller_board\pf_controller_board\ArduinoCore\Debug\libArduinoCore.a(Reset.o)
 .debug_loc     0x000019d2       0x4e D:\git\pf_controller_board\solution\pf_controller_board\pf_controller_board\ArduinoCore\Debug\libArduinoCore.a(startup.o)
 .debug_loc     0x00001a20      0xbde D:\git\pf_controller_board\solution\pf_controller_board\pf_controller_board\ArduinoCore\Debug\libArduinoCore.a(Uart.o)
 .debug_loc     0x000025fe      0xa08 D:\git\pf_controller_board\solution\pf_controller_board\pf_controller_board\ArduinoCore\Debug\libArduinoCore.a(CDC.o)
 .debug_loc     0x00003006      0x392 D:\git\pf_controller_board\solution\pf_controller_board\pf_controller_board\ArduinoCore\Debug\libArduinoCore.a(PluggableUSB.o)
 .debug_loc     0x00003398     0x2bfa D:\git\pf_controller_board\solution\pf_controller_board\pf_controller_board\ArduinoCore\Debug\libArduinoCore.a(USBCore.o)
 .debug_loc     0x00005f92       0xcb D:\git\pf_controller_board\solution\pf_controller_board\pf_controller_board\ArduinoCore\Debug\libArduinoCore.a(wiring.o)
 .debug_loc     0x0000605d      0x5d7 D:\git\pf_controller_board\solution\pf_controller_board\pf_controller_board\ArduinoCore\Debug\libArduinoCore.a(wiring_analog.o)
 .debug_loc     0x00006634      0x18c D:\git\pf_controller_board\solution\pf_controller_board\pf_controller_board\ArduinoCore\Debug\libArduinoCore.a(wiring_digital.o)
 .debug_loc     0x000067c0      0x14e D:\git\pf_controller_board\solution\pf_controller_board\pf_controller_board\ArduinoCore\Debug\libArduinoCore.a(wiring_private.o)
 .debug_loc     0x0000690e       0x8a D:\git\pf_controller_board\solution\pf_controller_board\pf_controller_board\ArduinoCore\Debug\libArduinoCore.a(variant.o)
 .debug_loc     0x00006998       0x82 D:\git\pf_controller_board\solution\pf_controller_board\pf_controller_board\ArduinoCore\Debug\libArduinoCore.a(new.o)
 .debug_loc     0x00006a1a      0xd9d D:\git\pf_controller_board\solution\pf_controller_board\pf_controller_board\ArduinoCore\Debug\libArduinoCore.a(SERCOM.o)

.debug_aranges  0x00000000      0x908
 .debug_aranges
                0x00000000       0x28 Sketch.o
 .debug_aranges
                0x00000028       0x40 D:\git\pf_controller_board\solution\pf_controller_board\pf_controller_board\ArduinoCore\Debug\libArduinoCore.a(cortex_handlers.o)
 .debug_aranges
                0x00000068       0x40 D:\git\pf_controller_board\solution\pf_controller_board\pf_controller_board\ArduinoCore\Debug\libArduinoCore.a(delay.o)
 .debug_aranges
                0x000000a8       0x30 D:\git\pf_controller_board\solution\pf_controller_board\pf_controller_board\ArduinoCore\Debug\libArduinoCore.a(hooks.o)
 .debug_aranges
                0x000000d8       0x28 D:\git\pf_controller_board\solution\pf_controller_board\pf_controller_board\ArduinoCore\Debug\libArduinoCore.a(main.o)
 .debug_aranges
                0x00000100      0x100 D:\git\pf_controller_board\solution\pf_controller_board\pf_controller_board\ArduinoCore\Debug\libArduinoCore.a(Print.o)
 .debug_aranges
                0x00000200       0x38 D:\git\pf_controller_board\solution\pf_controller_board\pf_controller_board\ArduinoCore\Debug\libArduinoCore.a(Reset.o)
 .debug_aranges
                0x00000238       0x20 D:\git\pf_controller_board\solution\pf_controller_board\pf_controller_board\ArduinoCore\Debug\libArduinoCore.a(startup.o)
 .debug_aranges
                0x00000258       0xb0 D:\git\pf_controller_board\solution\pf_controller_board\pf_controller_board\ArduinoCore\Debug\libArduinoCore.a(Uart.o)
 .debug_aranges
                0x00000308      0x128 D:\git\pf_controller_board\solution\pf_controller_board\pf_controller_board\ArduinoCore\Debug\libArduinoCore.a(CDC.o)
 .debug_aranges
                0x00000430       0x58 D:\git\pf_controller_board\solution\pf_controller_board\pf_controller_board\ArduinoCore\Debug\libArduinoCore.a(PluggableUSB.o)
 .debug_aranges
                0x00000488      0x178 D:\git\pf_controller_board\solution\pf_controller_board\pf_controller_board\ArduinoCore\Debug\libArduinoCore.a(USBCore.o)
 .debug_aranges
                0x00000600       0x20 D:\git\pf_controller_board\solution\pf_controller_board\pf_controller_board\ArduinoCore\Debug\libArduinoCore.a(wiring.o)
 .debug_aranges
                0x00000620       0x48 D:\git\pf_controller_board\solution\pf_controller_board\pf_controller_board\ArduinoCore\Debug\libArduinoCore.a(wiring_analog.o)
 .debug_aranges
                0x00000668       0x30 D:\git\pf_controller_board\solution\pf_controller_board\pf_controller_board\ArduinoCore\Debug\libArduinoCore.a(wiring_digital.o)
 .debug_aranges
                0x00000698       0x20 D:\git\pf_controller_board\solution\pf_controller_board\pf_controller_board\ArduinoCore\Debug\libArduinoCore.a(wiring_private.o)
 .debug_aranges
                0x000006b8       0x38 D:\git\pf_controller_board\solution\pf_controller_board\pf_controller_board\ArduinoCore\Debug\libArduinoCore.a(variant.o)
 .debug_aranges
                0x000006f0       0x28 D:\git\pf_controller_board\solution\pf_controller_board\pf_controller_board\ArduinoCore\Debug\libArduinoCore.a(new.o)
 .debug_aranges
                0x00000718      0x1f0 D:\git\pf_controller_board\solution\pf_controller_board\pf_controller_board\ArduinoCore\Debug\libArduinoCore.a(SERCOM.o)

.debug_ranges   0x00000000     0x1340
 .debug_ranges  0x00000000       0x18 Sketch.o
 .debug_ranges  0x00000018       0x30 D:\git\pf_controller_board\solution\pf_controller_board\pf_controller_board\ArduinoCore\Debug\libArduinoCore.a(cortex_handlers.o)
 .debug_ranges  0x00000048       0x30 D:\git\pf_controller_board\solution\pf_controller_board\pf_controller_board\ArduinoCore\Debug\libArduinoCore.a(delay.o)
 .debug_ranges  0x00000078       0x20 D:\git\pf_controller_board\solution\pf_controller_board\pf_controller_board\ArduinoCore\Debug\libArduinoCore.a(hooks.o)
 .debug_ranges  0x00000098       0x18 D:\git\pf_controller_board\solution\pf_controller_board\pf_controller_board\ArduinoCore\Debug\libArduinoCore.a(main.o)
 .debug_ranges  0x000000b0      0x180 D:\git\pf_controller_board\solution\pf_controller_board\pf_controller_board\ArduinoCore\Debug\libArduinoCore.a(Print.o)
 .debug_ranges  0x00000230       0x40 D:\git\pf_controller_board\solution\pf_controller_board\pf_controller_board\ArduinoCore\Debug\libArduinoCore.a(Reset.o)
 .debug_ranges  0x00000270       0x10 D:\git\pf_controller_board\solution\pf_controller_board\pf_controller_board\ArduinoCore\Debug\libArduinoCore.a(startup.o)
 .debug_ranges  0x00000280      0x1d8 D:\git\pf_controller_board\solution\pf_controller_board\pf_controller_board\ArduinoCore\Debug\libArduinoCore.a(Uart.o)
 .debug_ranges  0x00000458      0x188 D:\git\pf_controller_board\solution\pf_controller_board\pf_controller_board\ArduinoCore\Debug\libArduinoCore.a(CDC.o)
 .debug_ranges  0x000005e0       0x60 D:\git\pf_controller_board\solution\pf_controller_board\pf_controller_board\ArduinoCore\Debug\libArduinoCore.a(PluggableUSB.o)
 .debug_ranges  0x00000640      0x900 D:\git\pf_controller_board\solution\pf_controller_board\pf_controller_board\ArduinoCore\Debug\libArduinoCore.a(USBCore.o)
 .debug_ranges  0x00000f40       0x28 D:\git\pf_controller_board\solution\pf_controller_board\pf_controller_board\ArduinoCore\Debug\libArduinoCore.a(wiring.o)
 .debug_ranges  0x00000f68       0x98 D:\git\pf_controller_board\solution\pf_controller_board\pf_controller_board\ArduinoCore\Debug\libArduinoCore.a(wiring_analog.o)
 .debug_ranges  0x00001000       0x20 D:\git\pf_controller_board\solution\pf_controller_board\pf_controller_board\ArduinoCore\Debug\libArduinoCore.a(wiring_digital.o)
 .debug_ranges  0x00001020       0x30 D:\git\pf_controller_board\solution\pf_controller_board\pf_controller_board\ArduinoCore\Debug\libArduinoCore.a(wiring_private.o)
 .debug_ranges  0x00001050       0x28 D:\git\pf_controller_board\solution\pf_controller_board\pf_controller_board\ArduinoCore\Debug\libArduinoCore.a(variant.o)
 .debug_ranges  0x00001078       0x18 D:\git\pf_controller_board\solution\pf_controller_board\pf_controller_board\ArduinoCore\Debug\libArduinoCore.a(new.o)
 .debug_ranges  0x00001090      0x2b0 D:\git\pf_controller_board\solution\pf_controller_board\pf_controller_board\ArduinoCore\Debug\libArduinoCore.a(SERCOM.o)

.debug_macro    0x00000000    0x1cc25
 .debug_macro   0x00000000      0x6e7 Sketch.o
 .debug_macro   0x000006e7      0x982 Sketch.o
 .debug_macro   0x00001069       0x16 Sketch.o
 .debug_macro   0x0000107f       0x1c Sketch.o
 .debug_macro   0x0000109b       0x22 Sketch.o
 .debug_macro   0x000010bd       0x87 Sketch.o
 .debug_macro   0x00001144       0x51 Sketch.o
 .debug_macro   0x00001195       0xef Sketch.o
 .debug_macro   0x00001284       0x6a Sketch.o
 .debug_macro   0x000012ee      0x1df Sketch.o
 .debug_macro   0x000014cd      0x143 Sketch.o
 .debug_macro   0x00001610       0x10 Sketch.o
 .debug_macro   0x00001620      0x3c3 Sketch.o
 .debug_macro   0x000019e3       0x10 Sketch.o
 .debug_macro   0x000019f3       0x58 Sketch.o
 .debug_macro   0x00001a4b       0x35 Sketch.o
 .debug_macro   0x00001a80       0x9c Sketch.o
 .debug_macro   0x00001b1c       0x16 Sketch.o
 .debug_macro   0x00001b32      0x10e Sketch.o
 .debug_macro   0x00001c40       0x94 Sketch.o
 .debug_macro   0x00001cd4       0x58 Sketch.o
 .debug_macro   0x00001d2c       0x1f Sketch.o
 .debug_macro   0x00001d4b       0x43 Sketch.o
 .debug_macro   0x00001d8e       0x20 Sketch.o
 .debug_macro   0x00001dae      0x187 Sketch.o
 .debug_macro   0x00001f35      0x353 Sketch.o
 .debug_macro   0x00002288       0x16 Sketch.o
 .debug_macro   0x0000229e       0x29 Sketch.o
 .debug_macro   0x000022c7       0xea Sketch.o
 .debug_macro   0x000023b1       0x16 Sketch.o
 .debug_macro   0x000023c7       0x35 Sketch.o
 .debug_macro   0x000023fc       0x18 Sketch.o
 .debug_macro   0x00002414      0x1da Sketch.o
 .debug_macro   0x000025ee      0x3d3 Sketch.o
 .debug_macro   0x000029c1       0x10 Sketch.o
 .debug_macro   0x000029d1      0x45d Sketch.o
 .debug_macro   0x00002e2e      0x190 Sketch.o
 .debug_macro   0x00002fbe       0x1c Sketch.o
 .debug_macro   0x00002fda      0xd93 Sketch.o
 .debug_macro   0x00003d6d      0x38e Sketch.o
 .debug_macro   0x000040fb       0x40 Sketch.o
 .debug_macro   0x0000413b       0x1c Sketch.o
 .debug_macro   0x00004157       0x22 Sketch.o
 .debug_macro   0x00004179       0xaf Sketch.o
 .debug_macro   0x00004228      0x3ad Sketch.o
 .debug_macro   0x000045d5      0x682 Sketch.o
 .debug_macro   0x00004c57      0x8bf Sketch.o
 .debug_macro   0x00005516      0x235 Sketch.o
 .debug_macro   0x0000574b      0xd6a Sketch.o
 .debug_macro   0x000064b5      0x4ce Sketch.o
 .debug_macro   0x00006983      0x9f8 Sketch.o
 .debug_macro   0x0000737b      0x82b Sketch.o
 .debug_macro   0x00007ba6      0x45f Sketch.o
 .debug_macro   0x00008005       0x5e Sketch.o
 .debug_macro   0x00008063      0x906 Sketch.o
 .debug_macro   0x00008969      0x225 Sketch.o
 .debug_macro   0x00008b8e      0x797 Sketch.o
 .debug_macro   0x00009325       0x5e Sketch.o
 .debug_macro   0x00009383      0x634 Sketch.o
 .debug_macro   0x000099b7      0x3b6 Sketch.o
 .debug_macro   0x00009d6d      0xc55 Sketch.o
 .debug_macro   0x0000a9c2     0x1092 Sketch.o
 .debug_macro   0x0000ba54      0xc4a Sketch.o
 .debug_macro   0x0000c69e      0x6bf Sketch.o
 .debug_macro   0x0000cd5d     0x1b4b Sketch.o
 .debug_macro   0x0000e8a8     0x144a Sketch.o
 .debug_macro   0x0000fcf2      0x34e Sketch.o
 .debug_macro   0x00010040       0x7c Sketch.o
 .debug_macro   0x000100bc       0xa0 Sketch.o
 .debug_macro   0x0001015c       0x4c Sketch.o
 .debug_macro   0x000101a8       0xca Sketch.o
 .debug_macro   0x00010272       0x94 Sketch.o
 .debug_macro   0x00010306       0x58 Sketch.o
 .debug_macro   0x0001035e      0x364 Sketch.o
 .debug_macro   0x000106c2       0x82 Sketch.o
 .debug_macro   0x00010744      0x197 Sketch.o
 .debug_macro   0x000108db       0xb8 Sketch.o
 .debug_macro   0x00010993       0xa0 Sketch.o
 .debug_macro   0x00010a33       0xb2 Sketch.o
 .debug_macro   0x00010ae5       0x1c Sketch.o
 .debug_macro   0x00010b01       0x1c Sketch.o
 .debug_macro   0x00010b1d       0x1c Sketch.o
 .debug_macro   0x00010b39       0x7c Sketch.o
 .debug_macro   0x00010bb5      0x161 Sketch.o
 .debug_macro   0x00010d16       0xdc Sketch.o
 .debug_macro   0x00010df2      0x12f Sketch.o
 .debug_macro   0x00010f21      0x12f Sketch.o
 .debug_macro   0x00011050      0x12f Sketch.o
 .debug_macro   0x0001117f      0x12f Sketch.o
 .debug_macro   0x000112ae      0x12f Sketch.o
 .debug_macro   0x000113dd      0x12f Sketch.o
 .debug_macro   0x0001150c      0x11e Sketch.o
 .debug_macro   0x0001162a       0xe2 Sketch.o
 .debug_macro   0x0001170c       0xe2 Sketch.o
 .debug_macro   0x000117ee       0xe2 Sketch.o
 .debug_macro   0x000118d0      0x12c Sketch.o
 .debug_macro   0x000119fc      0x100 Sketch.o
 .debug_macro   0x00011afc       0xf4 Sketch.o
 .debug_macro   0x00011bf0      0x40f Sketch.o
 .debug_macro   0x00011fff       0x40 Sketch.o
 .debug_macro   0x0001203f      0x361 Sketch.o
 .debug_macro   0x000123a0     0x16ea Sketch.o
 .debug_macro   0x00013a8a       0x6d Sketch.o
 .debug_macro   0x00013af7       0x5e Sketch.o
 .debug_macro   0x00013b55       0x16 Sketch.o
 .debug_macro   0x00013b6b      0x151 Sketch.o
 .debug_macro   0x00013cbc       0x4c Sketch.o
 .debug_macro   0x00013d08       0x10 Sketch.o
 .debug_macro   0x00013d18       0x1c Sketch.o
 .debug_macro   0x00013d34       0x10 Sketch.o
 .debug_macro   0x00013d44       0x10 Sketch.o
 .debug_macro   0x00013d54       0x1c Sketch.o
 .debug_macro   0x00013d70       0x52 Sketch.o
 .debug_macro   0x00013dc2       0x40 Sketch.o
 .debug_macro   0x00013e02       0x10 Sketch.o
 .debug_macro   0x00013e12       0x40 Sketch.o
 .debug_macro   0x00013e52       0xd7 Sketch.o
 .debug_macro   0x00013f29       0x16 Sketch.o
 .debug_macro   0x00013f3f      0x18b Sketch.o
 .debug_macro   0x000140ca       0x1c Sketch.o
 .debug_macro   0x000140e6       0x11 Sketch.o
 .debug_macro   0x000140f7       0xe2 Sketch.o
 .debug_macro   0x000141d9       0x1c Sketch.o
 .debug_macro   0x000141f5       0x16 Sketch.o
 .debug_macro   0x0001420b       0x10 Sketch.o
 .debug_macro   0x0001421b       0x28 Sketch.o
 .debug_macro   0x00014243      0x15c Sketch.o
 .debug_macro   0x0001439f       0x28 Sketch.o
 .debug_macro   0x000143c7       0x77 Sketch.o
 .debug_macro   0x0001443e       0x2e Sketch.o
 .debug_macro   0x0001446c      0x19d Sketch.o
 .debug_macro   0x00014609       0x2e Sketch.o
 .debug_macro   0x00014637      0x17e Sketch.o
 .debug_macro   0x000147b5       0x22 Sketch.o
 .debug_macro   0x000147d7       0x40 Sketch.o
 .debug_macro   0x00014817      0x46b D:\git\pf_controller_board\solution\pf_controller_board\pf_controller_board\ArduinoCore\Debug\libArduinoCore.a(cortex_handlers.o)
 .debug_macro   0x00014c82      0x8e0 D:\git\pf_controller_board\solution\pf_controller_board\pf_controller_board\ArduinoCore\Debug\libArduinoCore.a(cortex_handlers.o)